2026-08-26 23:21:05,253   INFO  **********************Start logging**********************
2026-08-26 23:21:05,253   INFO  CUDA_VISIBLE_DEVICES=ALL
2026-08-26 23:21:05,253   INFO  Training with a single process
2026-08-26 23:21:05,253   INFO  cfg_file         cfgs/nuscenes_models/transfusion_lidar_carla.yaml
2026-08-26 23:21:05,253   INFO  batch_size       4
2026-08-26 23:21:05,254   INFO  epochs           6
2026-08-26 23:21:05,254   INFO  workers          4
2026-08-26 23:21:05,254   INFO  extra_tag        default
2026-08-26 23:21:05,254   INFO  ckpt             None
2026-08-26 23:21:05,254   INFO  pretrained_model None
2026-08-26 23:21:05,254   INFO  launcher         none
2026-08-26 23:21:05,254   INFO  tcp_port         18888
2026-08-26 23:21:05,254   INFO  sync_bn          False
2026-08-26 23:21:05,254   INFO  fix_random_seed  False
2026-08-26 23:21:05,254   INFO  ckpt_save_interval 1
2026-08-26 23:21:05,254   INFO  local_rank       None
2026-08-26 23:21:05,254   INFO  max_ckpt_save_num 30
2026-08-26 23:21:05,254   INFO  merge_all_iters_to_one_epoch False
2026-08-26 23:21:05,254   INFO  set_cfgs         None
2026-08-26 23:21:05,255   INFO  max_waiting_mins 0
2026-08-26 23:21:05,255   INFO  start_epoch      0
2026-08-26 23:21:05,255   INFO  num_epochs_to_eval 0
2026-08-26 23:21:05,255   INFO  save_to_file     False
2026-08-26 23:21:05,255   INFO  use_tqdm_to_record False
2026-08-26 23:21:05,255   INFO  logger_iter_interval 50
2026-08-26 23:21:05,255   INFO  ckpt_save_time_interval 300
2026-08-26 23:21:05,255   INFO  wo_gpu_stat      False
2026-08-26 23:21:05,255   INFO  use_amp          False
2026-08-26 23:21:05,255   INFO  cfg.ROOT_DIR: /workspace/OpenPCDet
2026-08-26 23:21:05,255   INFO  cfg.LOCAL_RANK: 0
2026-08-26 23:21:05,255   INFO  cfg.CLASS_NAMES: ['car', 'truck', 'bus', 'barrier', 'motorcycle', 'bicycle', 'pedestrian', 'traffic_cone']
2026-08-26 23:21:05,255   INFO  ----------- DATA_CONFIG -----------
2026-08-26 23:21:05,255   INFO  cfg.DATA_CONFIG.DATASET: NuScenesDataset
2026-08-26 23:21:05,255   INFO  cfg.DATA_CONFIG.DATA_PATH: ../data/nuscenes
2026-08-26 23:21:05,256   INFO  cfg.DATA_CONFIG.VERSION: v1.0-carla
2026-08-26 23:21:05,256   INFO  cfg.DATA_CONFIG.MAX_SWEEPS: 10
2026-08-26 23:21:05,256   INFO  cfg.DATA_CONFIG.PRED_VELOCITY: True
2026-08-26 23:21:05,256   INFO  cfg.DATA_CONFIG.SET_NAN_VELOCITY_TO_ZEROS: True
2026-08-26 23:21:05,256   INFO  cfg.DATA_CONFIG.FILTER_MIN_POINTS_IN_GT: 1
2026-08-26 23:21:05,256   INFO  ----------- DATA_SPLIT -----------
2026-08-26 23:21:05,256   INFO  cfg.DATA_CONFIG.DATA_SPLIT.train: train
2026-08-26 23:21:05,256   INFO  cfg.DATA_CONFIG.DATA_SPLIT.test: val
2026-08-26 23:21:05,256   INFO  ----------- INFO_PATH -----------
2026-08-26 23:21:05,256   INFO  cfg.DATA_CONFIG.INFO_PATH.train: ['nuscenes_infos_10sweeps_train.pkl']
2026-08-26 23:21:05,256   INFO  cfg.DATA_CONFIG.INFO_PATH.test: ['nuscenes_infos_10sweeps_val.pkl']
2026-08-26 23:21:05,256   INFO  cfg.DATA_CONFIG.POINT_CLOUD_RANGE: [-54.0, -54.0, -5.0, 54.0, 54.0, 3.0]
2026-08-26 23:21:05,256   INFO  cfg.DATA_CONFIG.BALANCED_RESAMPLING: True
2026-08-26 23:21:05,256   INFO  ----------- DATA_AUGMENTOR -----------
2026-08-26 23:21:05,256   INFO  cfg.DATA_CONFIG.DATA_AUGMENTOR.DISABLE_AUG_LIST: ['placeholder']
2026-08-26 23:21:05,256   INFO  cfg.DATA_CONFIG.DATA_AUGMENTOR.AUG_CONFIG_LIST: [{'NAME': 'gt_sampling', 'DB_INFO_PATH': ['nuscenes_dbinfos_10sweeps_withvelo.pkl'], 'PREPARE': {'filter_by_min_points': ['car:5', 'truck:5', 'bus:5', 'barrier:5', 'motorcycle:5', 'bicycle:5', 'pedestrian:5', 'traffic_cone:5']}, 'SAMPLE_GROUPS': ['car:2', 'truck:3', 'bus:4', 'barrier:2', 'motorcycle:6', 'bicycle:6', 'pedestrian:2', 'traffic_cone:2'], 'NUM_POINT_FEATURES': 5, 'DATABASE_WITH_FAKELIDAR': False, 'REMOVE_EXTRA_WIDTH': [0.0, 0.0, 0.0], 'LIMIT_WHOLE_SCENE': True}, {'NAME': 'random_world_flip', 'ALONG_AXIS_LIST': ['x', 'y']}, {'NAME': 'random_world_rotation', 'WORLD_ROT_ANGLE': [-0.78539816, 0.78539816]}, {'NAME': 'random_world_scaling', 'WORLD_SCALE_RANGE': [0.9, 1.1]}, {'NAME': 'random_world_translation', 'NOISE_TRANSLATE_STD': [0.5, 0.5, 0.5]}]
2026-08-26 23:21:05,256   INFO  ----------- POINT_FEATURE_ENCODING -----------
2026-08-26 23:21:05,257   INFO  cfg.DATA_CONFIG.POINT_FEATURE_ENCODING.encoding_type: absolute_coordinates_encoding
2026-08-26 23:21:05,257   INFO  cfg.DATA_CONFIG.POINT_FEATURE_ENCODING.used_feature_list: ['x', 'y', 'z', 'intensity', 'timestamp']
2026-08-26 23:21:05,257   INFO  cfg.DATA_CONFIG.POINT_FEATURE_ENCODING.src_feature_list: ['x', 'y', 'z', 'intensity', 'timestamp']
2026-08-26 23:21:05,257   INFO  cfg.DATA_CONFIG.DATA_PROCESSOR: [{'NAME': 'mask_points_and_boxes_outside_range', 'REMOVE_OUTSIDE_BOXES': True}, {'NAME': 'shuffle_points', 'SHUFFLE_ENABLED': {'train': True, 'test': True}}, {'NAME': 'transform_points_to_voxels', 'VOXEL_SIZE': [0.075, 0.075, 0.2], 'MAX_POINTS_PER_VOXEL': 10, 'MAX_NUMBER_OF_VOXELS': {'train': 120000, 'test': 160000}}]
2026-08-26 23:21:05,257   INFO  cfg.DATA_CONFIG._BASE_CONFIG_: cfgs/dataset_configs/nuscenes_dataset_carla.yaml
2026-08-26 23:21:05,257   INFO  ----------- MODEL -----------
2026-08-26 23:21:05,257   INFO  cfg.MODEL.NAME: TransFusion
2026-08-26 23:21:05,257   INFO  ----------- VFE -----------
2026-08-26 23:21:05,257   INFO  cfg.MODEL.VFE.NAME: MeanVFE
2026-08-26 23:21:05,257   INFO  ----------- BACKBONE_3D -----------
2026-08-26 23:21:05,257   INFO  cfg.MODEL.BACKBONE_3D.NAME: VoxelResBackBone8x
2026-08-26 23:21:05,257   INFO  cfg.MODEL.BACKBONE_3D.USE_BIAS: False
2026-08-26 23:21:05,257   INFO  ----------- MAP_TO_BEV -----------
2026-08-26 23:21:05,257   INFO  cfg.MODEL.MAP_TO_BEV.NAME: HeightCompression
2026-08-26 23:21:05,257   INFO  cfg.MODEL.MAP_TO_BEV.NUM_BEV_FEATURES: 256
2026-08-26 23:21:05,257   INFO  ----------- BACKBONE_2D -----------
2026-08-26 23:21:05,257   INFO  cfg.MODEL.BACKBONE_2D.NAME: BaseBEVBackbone
2026-08-26 23:21:05,257   INFO  cfg.MODEL.BACKBONE_2D.LAYER_NUMS: [5, 5]
2026-08-26 23:21:05,257   INFO  cfg.MODEL.BACKBONE_2D.LAYER_STRIDES: [1, 2]
2026-08-26 23:21:05,257   INFO  cfg.MODEL.BACKBONE_2D.NUM_FILTERS: [128, 256]
2026-08-26 23:21:05,257   INFO  cfg.MODEL.BACKBONE_2D.UPSAMPLE_STRIDES: [1, 2]
2026-08-26 23:21:05,258   INFO  cfg.MODEL.BACKBONE_2D.NUM_UPSAMPLE_FILTERS: [256, 256]
2026-08-26 23:21:05,258   INFO  cfg.MODEL.BACKBONE_2D.USE_CONV_FOR_NO_STRIDE: True
2026-08-26 23:21:05,258   INFO  ----------- DENSE_HEAD -----------
2026-08-26 23:21:05,258   INFO  cfg.MODEL.DENSE_HEAD.CLASS_AGNOSTIC: False
2026-08-26 23:21:05,258   INFO  cfg.MODEL.DENSE_HEAD.NAME: TransFusionHead
2026-08-26 23:21:05,258   INFO  cfg.MODEL.DENSE_HEAD.USE_BIAS_BEFORE_NORM: False
2026-08-26 23:21:05,258   INFO  cfg.MODEL.DENSE_HEAD.NUM_PROPOSALS: 200
2026-08-26 23:21:05,258   INFO  cfg.MODEL.DENSE_HEAD.HIDDEN_CHANNEL: 128
2026-08-26 23:21:05,258   INFO  cfg.MODEL.DENSE_HEAD.NUM_CLASSES: 8
2026-08-26 23:21:05,258   INFO  cfg.MODEL.DENSE_HEAD.NUM_HEADS: 8
2026-08-26 23:21:05,258   INFO  cfg.MODEL.DENSE_HEAD.NMS_KERNEL_SIZE: 3
2026-08-26 23:21:05,258   INFO  cfg.MODEL.DENSE_HEAD.FFN_CHANNEL: 256
2026-08-26 23:21:05,258   INFO  cfg.MODEL.DENSE_HEAD.DROPOUT: 0.1
2026-08-26 23:21:05,258   INFO  cfg.MODEL.DENSE_HEAD.BN_MOMENTUM: 0.1
2026-08-26 23:21:05,258   INFO  cfg.MODEL.DENSE_HEAD.ACTIVATION: relu
2026-08-26 23:21:05,258   INFO  cfg.MODEL.DENSE_HEAD.NUM_HM_CONV: 2
2026-08-26 23:21:05,258   INFO  ----------- SEPARATE_HEAD_CFG -----------
2026-08-26 23:21:05,258   INFO  cfg.MODEL.DENSE_HEAD.SEPARATE_HEAD_CFG.HEAD_ORDER: ['center', 'height', 'dim', 'rot', 'vel']
2026-08-26 23:21:05,258   INFO  ----------- HEAD_DICT -----------
2026-08-26 23:21:05,258   INFO  ----------- center -----------
2026-08-26 23:21:05,258   INFO  cfg.MODEL.DENSE_HEAD.SEPARATE_HEAD_CFG.HEAD_DICT.center.out_channels: 2
2026-08-26 23:21:05,258   INFO  cfg.MODEL.DENSE_HEAD.SEPARATE_HEAD_CFG.HEAD_DICT.center.num_conv: 2
2026-08-26 23:21:05,258   INFO  ----------- height -----------
2026-08-26 23:21:05,259   INFO  cfg.MODEL.DENSE_HEAD.SEPARATE_HEAD_CFG.HEAD_DICT.height.out_channels: 1
2026-08-26 23:21:05,259   INFO  cfg.MODEL.DENSE_HEAD.SEPARATE_HEAD_CFG.HEAD_DICT.height.num_conv: 2
2026-08-26 23:21:05,259   INFO  ----------- dim -----------
2026-08-26 23:21:05,259   INFO  cfg.MODEL.DENSE_HEAD.SEPARATE_HEAD_CFG.HEAD_DICT.dim.out_channels: 3
2026-08-26 23:21:05,259   INFO  cfg.MODEL.DENSE_HEAD.SEPARATE_HEAD_CFG.HEAD_DICT.dim.num_conv: 2
2026-08-26 23:21:05,259   INFO  ----------- rot -----------
2026-08-26 23:21:05,259   INFO  cfg.MODEL.DENSE_HEAD.SEPARATE_HEAD_CFG.HEAD_DICT.rot.out_channels: 2
2026-08-26 23:21:05,259   INFO  cfg.MODEL.DENSE_HEAD.SEPARATE_HEAD_CFG.HEAD_DICT.rot.num_conv: 2
2026-08-26 23:21:05,259   INFO  ----------- vel -----------
2026-08-26 23:21:05,259   INFO  cfg.MODEL.DENSE_HEAD.SEPARATE_HEAD_CFG.HEAD_DICT.vel.out_channels: 2
2026-08-26 23:21:05,259   INFO  cfg.MODEL.DENSE_HEAD.SEPARATE_HEAD_CFG.HEAD_DICT.vel.num_conv: 2
2026-08-26 23:21:05,259   INFO  ----------- TARGET_ASSIGNER_CONFIG -----------
2026-08-26 23:21:05,259   INFO  cfg.MODEL.DENSE_HEAD.TARGET_ASSIGNER_CONFIG.FEATURE_MAP_STRIDE: 8
2026-08-26 23:21:05,259   INFO  cfg.MODEL.DENSE_HEAD.TARGET_ASSIGNER_CONFIG.DATASET: nuScenes
2026-08-26 23:21:05,259   INFO  cfg.MODEL.DENSE_HEAD.TARGET_ASSIGNER_CONFIG.GAUSSIAN_OVERLAP: 0.1
2026-08-26 23:21:05,259   INFO  cfg.MODEL.DENSE_HEAD.TARGET_ASSIGNER_CONFIG.MIN_RADIUS: 2
2026-08-26 23:21:05,259   INFO  ----------- HUNGARIAN_ASSIGNER -----------
2026-08-26 23:21:05,259   INFO  ----------- cls_cost -----------
2026-08-26 23:21:05,259   INFO  cfg.MODEL.DENSE_HEAD.TARGET_ASSIGNER_CONFIG.HUNGARIAN_ASSIGNER.cls_cost.gamma: 2.0
2026-08-26 23:21:05,259   INFO  cfg.MODEL.DENSE_HEAD.TARGET_ASSIGNER_CONFIG.HUNGARIAN_ASSIGNER.cls_cost.alpha: 0.25
2026-08-26 23:21:05,259   INFO  cfg.MODEL.DENSE_HEAD.TARGET_ASSIGNER_CONFIG.HUNGARIAN_ASSIGNER.cls_cost.weight: 0.15
2026-08-26 23:21:05,259   INFO  ----------- reg_cost -----------
2026-08-26 23:21:05,259   INFO  cfg.MODEL.DENSE_HEAD.TARGET_ASSIGNER_CONFIG.HUNGARIAN_ASSIGNER.reg_cost.weight: 0.25
2026-08-26 23:21:05,259   INFO  ----------- iou_cost -----------
2026-08-26 23:21:05,259   INFO  cfg.MODEL.DENSE_HEAD.TARGET_ASSIGNER_CONFIG.HUNGARIAN_ASSIGNER.iou_cost.weight: 0.25
2026-08-26 23:21:05,259   INFO  ----------- LOSS_CONFIG -----------
2026-08-26 23:21:05,259   INFO  ----------- LOSS_WEIGHTS -----------
2026-08-26 23:21:05,259   INFO  cfg.MODEL.DENSE_HEAD.LOSS_CONFIG.LOSS_WEIGHTS.cls_weight: 1.0
2026-08-26 23:21:05,259   INFO  cfg.MODEL.DENSE_HEAD.LOSS_CONFIG.LOSS_WEIGHTS.bbox_weight: 0.25
2026-08-26 23:21:05,260   INFO  cfg.MODEL.DENSE_HEAD.LOSS_CONFIG.LOSS_WEIGHTS.hm_weight: 1.0
2026-08-26 23:21:05,260   INFO  cfg.MODEL.DENSE_HEAD.LOSS_CONFIG.LOSS_WEIGHTS.code_weights: [1.0, 1.0, 1.0, 1.0, 1.0, 1.0, 1.0, 1.0, 0.2, 0.2]
2026-08-26 23:21:05,260   INFO  ----------- LOSS_CLS -----------
2026-08-26 23:21:05,260   INFO  cfg.MODEL.DENSE_HEAD.LOSS_CONFIG.LOSS_CLS.use_sigmoid: True
2026-08-26 23:21:05,260   INFO  cfg.MODEL.DENSE_HEAD.LOSS_CONFIG.LOSS_CLS.gamma: 2.0
2026-08-26 23:21:05,260   INFO  cfg.MODEL.DENSE_HEAD.LOSS_CONFIG.LOSS_CLS.alpha: 0.25
2026-08-26 23:21:05,260   INFO  ----------- POST_PROCESSING -----------
2026-08-26 23:21:05,260   INFO  cfg.MODEL.DENSE_HEAD.POST_PROCESSING.SCORE_THRESH: 0.0
2026-08-26 23:21:05,260   INFO  cfg.MODEL.DENSE_HEAD.POST_PROCESSING.POST_CENTER_RANGE: [-61.2, -61.2, -10.0, 61.2, 61.2, 10.0]
2026-08-26 23:21:05,260   INFO  ----------- POST_PROCESSING -----------
2026-08-26 23:21:05,260   INFO  cfg.MODEL.POST_PROCESSING.RECALL_THRESH_LIST: [0.3, 0.5, 0.7]
2026-08-26 23:21:05,260   INFO  cfg.MODEL.POST_PROCESSING.SCORE_THRESH: 0.1
2026-08-26 23:21:05,260   INFO  cfg.MODEL.POST_PROCESSING.OUTPUT_RAW_SCORE: False
2026-08-26 23:21:05,260   INFO  cfg.MODEL.POST_PROCESSING.EVAL_METRIC: kitti
2026-08-26 23:21:05,260   INFO  ----------- OPTIMIZATION -----------
2026-08-26 23:21:05,260   INFO  cfg.OPTIMIZATION.BATCH_SIZE_PER_GPU: 4
2026-08-26 23:21:05,260   INFO  cfg.OPTIMIZATION.NUM_EPOCHS: 6
2026-08-26 23:21:05,260   INFO  cfg.OPTIMIZATION.OPTIMIZER: adam_onecycle
2026-08-26 23:21:05,260   INFO  cfg.OPTIMIZATION.LR: 0.001
2026-08-26 23:21:05,260   INFO  cfg.OPTIMIZATION.WEIGHT_DECAY: 0.01
2026-08-26 23:21:05,260   INFO  cfg.OPTIMIZATION.MOMENTUM: 0.9
2026-08-26 23:21:05,260   INFO  cfg.OPTIMIZATION.BETAS: [0.9, 0.999]
2026-08-26 23:21:05,260   INFO  cfg.OPTIMIZATION.MOMS: [0.9, 0.8052631]
2026-08-26 23:21:05,260   INFO  cfg.OPTIMIZATION.PCT_START: 0.4
2026-08-26 23:21:05,260   INFO  cfg.OPTIMIZATION.DIV_FACTOR: 10
2026-08-26 23:21:05,260   INFO  cfg.OPTIMIZATION.DECAY_STEP_LIST: [35, 45]
2026-08-26 23:21:05,261   INFO  cfg.OPTIMIZATION.LR_DECAY: 0.1
2026-08-26 23:21:05,261   INFO  cfg.OPTIMIZATION.LR_CLIP: 1e-07
2026-08-26 23:21:05,261   INFO  cfg.OPTIMIZATION.LR_WARMUP: False
2026-08-26 23:21:05,261   INFO  cfg.OPTIMIZATION.WARMUP_EPOCH: 1
2026-08-26 23:21:05,261   INFO  cfg.OPTIMIZATION.GRAD_NORM_CLIP: 35
2026-08-26 23:21:05,261   INFO  ----------- HOOK -----------
2026-08-26 23:21:05,261   INFO  ----------- DisableAugmentationHook -----------
2026-08-26 23:21:05,261   INFO  cfg.HOOK.DisableAugmentationHook.DISABLE_AUG_LIST: ['gt_sampling']
2026-08-26 23:21:05,261   INFO  cfg.HOOK.DisableAugmentationHook.NUM_LAST_EPOCHS: 5
2026-08-26 23:21:05,261   INFO  cfg.TAG: transfusion_lidar_carla
2026-08-26 23:21:05,261   INFO  cfg.EXP_GROUP_PATH: nuscenes_models
2026-08-26 23:21:05,265   INFO  ----------- Create dataloader & network & optimizer -----------
2026-08-26 23:21:05,280   INFO  Database filter by min points car: 2283 => 2218
2026-08-26 23:21:05,280   INFO  Database filter by min points truck: 408 => 391
2026-08-26 23:21:05,280   INFO  Database filter by min points bus: 81 => 73
2026-08-26 23:21:05,280   INFO  Database filter by min points barrier: 49 => 48
2026-08-26 23:21:05,280   INFO  Database filter by min points motorcycle: 344 => 321
2026-08-26 23:21:05,280   INFO  Database filter by min points bicycle: 207 => 203
2026-08-26 23:21:05,281   INFO  Database filter by min points pedestrian: 2136 => 1594
2026-08-26 23:21:05,281   INFO  Database filter by min points traffic_cone: 83 => 80
2026-08-26 23:21:05,281   INFO  Loading NuScenes dataset
2026-08-26 23:21:05,297   INFO  Total samples for NuScenes dataset: 400
2026-08-26 23:21:05,298   INFO  Total samples after balanced resampling: 1504
2026-08-26 23:21:05,616   INFO  ----------- Model TransFusion created, param count: 8303338 -----------
2026-08-26 23:21:05,617   INFO  TransFusion(
  (vfe): MeanVFE()
  (backbone_3d): VoxelResBackBone8x(
    (conv_input): SparseSequential(
      (0): SubMConv3d(5, 16, kernel_size=[3, 3, 3], stride=[1, 1, 1], padding=[1, 1, 1], dilation=[1, 1, 1], output_padding=[0, 0, 0], bias=False, algo=ConvAlgo.MaskImplicitGemm)
      (1): BatchNorm1d(16, eps=0.001, momentum=0.01, affine=True, track_running_stats=True)
      (2): ReLU()
    )
    (conv1): SparseSequential(
      (0): SparseBasicBlock(
        (conv1): SubMConv3d(16, 16, kernel_size=[3, 3, 3], stride=[1, 1, 1], padding=[1, 1, 1], dilation=[1, 1, 1], output_padding=[0, 0, 0], bias=False, algo=ConvAlgo.MaskImplicitGemm)
        (bn1): BatchNorm1d(16, eps=0.001, momentum=0.01, affine=True, track_running_stats=True)
        (relu): ReLU()
        (conv2): SubMConv3d(16, 16, kernel_size=[3, 3, 3], stride=[1, 1, 1], padding=[1, 1, 1], dilation=[1, 1, 1], output_padding=[0, 0, 0], bias=False, algo=ConvAlgo.MaskImplicitGemm)
        (bn2): BatchNorm1d(16, eps=0.001, momentum=0.01, affine=True, track_running_stats=True)
      )
      (1): SparseBasicBlock(
        (conv1): SubMConv3d(16, 16, kernel_size=[3, 3, 3], stride=[1, 1, 1], padding=[1, 1, 1], dilation=[1, 1, 1], output_padding=[0, 0, 0], bias=False, algo=ConvAlgo.MaskImplicitGemm)
        (bn1): BatchNorm1d(16, eps=0.001, momentum=0.01, affine=True, track_running_stats=True)
        (relu): ReLU()
        (conv2): SubMConv3d(16, 16, kernel_size=[3, 3, 3], stride=[1, 1, 1], padding=[1, 1, 1], dilation=[1, 1, 1], output_padding=[0, 0, 0], bias=False, algo=ConvAlgo.MaskImplicitGemm)
        (bn2): BatchNorm1d(16, eps=0.001, momentum=0.01, affine=True, track_running_stats=True)
      )
    )
    (conv2): SparseSequential(
      (0): SparseSequential(
        (0): SparseConv3d(16, 32, kernel_size=[3, 3, 3], stride=[2, 2, 2], padding=[1, 1, 1], dilation=[1, 1, 1], output_padding=[0, 0, 0], bias=False, algo=ConvAlgo.MaskImplicitGemm)
        (1): BatchNorm1d(32, eps=0.001, momentum=0.01, affine=True, track_running_stats=True)
        (2): ReLU()
      )
      (1): SparseBasicBlock(
        (conv1): SubMConv3d(32, 32, kernel_size=[3, 3, 3], stride=[1, 1, 1], padding=[1, 1, 1], dilation=[1, 1, 1], output_padding=[0, 0, 0], bias=False, algo=ConvAlgo.MaskImplicitGemm)
        (bn1): BatchNorm1d(32, eps=0.001, momentum=0.01, affine=True, track_running_stats=True)
        (relu): ReLU()
        (conv2): SubMConv3d(32, 32, kernel_size=[3, 3, 3], stride=[1, 1, 1], padding=[1, 1, 1], dilation=[1, 1, 1], output_padding=[0, 0, 0], bias=False, algo=ConvAlgo.MaskImplicitGemm)
        (bn2): BatchNorm1d(32, eps=0.001, momentum=0.01, affine=True, track_running_stats=True)
      )
      (2): SparseBasicBlock(
        (conv1): SubMConv3d(32, 32, kernel_size=[3, 3, 3], stride=[1, 1, 1], padding=[1, 1, 1], dilation=[1, 1, 1], output_padding=[0, 0, 0], bias=False, algo=ConvAlgo.MaskImplicitGemm)
        (bn1): BatchNorm1d(32, eps=0.001, momentum=0.01, affine=True, track_running_stats=True)
        (relu): ReLU()
        (conv2): SubMConv3d(32, 32, kernel_size=[3, 3, 3], stride=[1, 1, 1], padding=[1, 1, 1], dilation=[1, 1, 1], output_padding=[0, 0, 0], bias=False, algo=ConvAlgo.MaskImplicitGemm)
        (bn2): BatchNorm1d(32, eps=0.001, momentum=0.01, affine=True, track_running_stats=True)
      )
    )
    (conv3): SparseSequential(
      (0): SparseSequential(
        (0): SparseConv3d(32, 64, kernel_size=[3, 3, 3], stride=[2, 2, 2], padding=[1, 1, 1], dilation=[1, 1, 1], output_padding=[0, 0, 0], bias=False, algo=ConvAlgo.MaskImplicitGemm)
        (1): BatchNorm1d(64, eps=0.001, momentum=0.01, affine=True, track_running_stats=True)
        (2): ReLU()
      )
      (1): SparseBasicBlock(
        (conv1): SubMConv3d(64, 64, kernel_size=[3, 3, 3], stride=[1, 1, 1], padding=[1, 1, 1], dilation=[1, 1, 1], output_padding=[0, 0, 0], bias=False, algo=ConvAlgo.MaskImplicitGemm)
        (bn1): BatchNorm1d(64, eps=0.001, momentum=0.01, affine=True, track_running_stats=True)
        (relu): ReLU()
        (conv2): SubMConv3d(64, 64, kernel_size=[3, 3, 3], stride=[1, 1, 1], padding=[1, 1, 1], dilation=[1, 1, 1], output_padding=[0, 0, 0], bias=False, algo=ConvAlgo.MaskImplicitGemm)
        (bn2): BatchNorm1d(64, eps=0.001, momentum=0.01, affine=True, track_running_stats=True)
      )
      (2): SparseBasicBlock(
        (conv1): SubMConv3d(64, 64, kernel_size=[3, 3, 3], stride=[1, 1, 1], padding=[1, 1, 1], dilation=[1, 1, 1], output_padding=[0, 0, 0], bias=False, algo=ConvAlgo.MaskImplicitGemm)
        (bn1): BatchNorm1d(64, eps=0.001, momentum=0.01, affine=True, track_running_stats=True)
        (relu): ReLU()
        (conv2): SubMConv3d(64, 64, kernel_size=[3, 3, 3], stride=[1, 1, 1], padding=[1, 1, 1], dilation=[1, 1, 1], output_padding=[0, 0, 0], bias=False, algo=ConvAlgo.MaskImplicitGemm)
        (bn2): BatchNorm1d(64, eps=0.001, momentum=0.01, affine=True, track_running_stats=True)
      )
    )
    (conv4): SparseSequential(
      (0): SparseSequential(
        (0): SparseConv3d(64, 128, kernel_size=[3, 3, 3], stride=[2, 2, 2], padding=[0, 1, 1], dilation=[1, 1, 1], output_padding=[0, 0, 0], bias=False, algo=ConvAlgo.MaskImplicitGemm)
        (1): BatchNorm1d(128, eps=0.001, momentum=0.01, affine=True, track_running_stats=True)
        (2): ReLU()
      )
      (1): SparseBasicBlock(
        (conv1): SubMConv3d(128, 128, kernel_size=[3, 3, 3], stride=[1, 1, 1], padding=[1, 1, 1], dilation=[1, 1, 1], output_padding=[0, 0, 0], bias=False, algo=ConvAlgo.MaskImplicitGemm)
        (bn1): BatchNorm1d(128, eps=0.001, momentum=0.01, affine=True, track_running_stats=True)
        (relu): ReLU()
        (conv2): SubMConv3d(128, 128, kernel_size=[3, 3, 3], stride=[1, 1, 1], padding=[1, 1, 1], dilation=[1, 1, 1], output_padding=[0, 0, 0], bias=False, algo=ConvAlgo.MaskImplicitGemm)
        (bn2): BatchNorm1d(128, eps=0.001, momentum=0.01, affine=True, track_running_stats=True)
      )
      (2): SparseBasicBlock(
        (conv1): SubMConv3d(128, 128, kernel_size=[3, 3, 3], stride=[1, 1, 1], padding=[1, 1, 1], dilation=[1, 1, 1], output_padding=[0, 0, 0], bias=False, algo=ConvAlgo.MaskImplicitGemm)
        (bn1): BatchNorm1d(128, eps=0.001, momentum=0.01, affine=True, track_running_stats=True)
        (relu): ReLU()
        (conv2): SubMConv3d(128, 128, kernel_size=[3, 3, 3], stride=[1, 1, 1], padding=[1, 1, 1], dilation=[1, 1, 1], output_padding=[0, 0, 0], bias=False, algo=ConvAlgo.MaskImplicitGemm)
        (bn2): BatchNorm1d(128, eps=0.001, momentum=0.01, affine=True, track_running_stats=True)
      )
    )
    (conv_out): SparseSequential(
      (0): SparseConv3d(128, 128, kernel_size=[3, 1, 1], stride=[2, 1, 1], padding=[0, 0, 0], dilation=[1, 1, 1], output_padding=[0, 0, 0], bias=False, algo=ConvAlgo.MaskImplicitGemm)
      (1): BatchNorm1d(128, eps=0.001, momentum=0.01, affine=True, track_running_stats=True)
      (2): ReLU()
    )
  )
  (map_to_bev_module): HeightCompression()
  (pfe): None
  (backbone_2d): BaseBEVBackbone(
    (blocks): ModuleList(
      (0): Sequential(
        (0): ZeroPad2d((1, 1, 1, 1))
        (1): Conv2d(256, 128, kernel_size=(3, 3), stride=(1, 1), bias=False)
        (2): BatchNorm2d(128, eps=0.001, momentum=0.01, affine=True, track_running_stats=True)
        (3): ReLU()
        (4): Conv2d(128, 128, kernel_size=(3, 3), stride=(1, 1), padding=(1, 1), bias=False)
        (5): BatchNorm2d(128, eps=0.001, momentum=0.01, affine=True, track_running_stats=True)
        (6): ReLU()
        (7): Conv2d(128, 128, kernel_size=(3, 3), stride=(1, 1), padding=(1, 1), bias=False)
        (8): BatchNorm2d(128, eps=0.001, momentum=0.01, affine=True, track_running_stats=True)
        (9): ReLU()
        (10): Conv2d(128, 128, kernel_size=(3, 3), stride=(1, 1), padding=(1, 1), bias=False)
        (11): BatchNorm2d(128, eps=0.001, momentum=0.01, affine=True, track_running_stats=True)
        (12): ReLU()
        (13): Conv2d(128, 128, kernel_size=(3, 3), stride=(1, 1), padding=(1, 1), bias=False)
        (14): BatchNorm2d(128, eps=0.001, momentum=0.01, affine=True, track_running_stats=True)
        (15): ReLU()
        (16): Conv2d(128, 128, kernel_size=(3, 3), stride=(1, 1), padding=(1, 1), bias=False)
        (17): BatchNorm2d(128, eps=0.001, momentum=0.01, affine=True, track_running_stats=True)
        (18): ReLU()
      )
      (1): Sequential(
        (0): ZeroPad2d((1, 1, 1, 1))
        (1): Conv2d(128, 256, kernel_size=(3, 3), stride=(2, 2), bias=False)
        (2): BatchNorm2d(256, eps=0.001, momentum=0.01, affine=True, track_running_stats=True)
        (3): ReLU()
        (4): Conv2d(256, 256, kernel_size=(3, 3), stride=(1, 1), padding=(1, 1), bias=False)
        (5): BatchNorm2d(256, eps=0.001, momentum=0.01, affine=True, track_running_stats=True)
        (6): ReLU()
        (7): Conv2d(256, 256, kernel_size=(3, 3), stride=(1, 1), padding=(1, 1), bias=False)
        (8): BatchNorm2d(256, eps=0.001, momentum=0.01, affine=True, track_running_stats=True)
        (9): ReLU()
        (10): Conv2d(256, 256, kernel_size=(3, 3), stride=(1, 1), padding=(1, 1), bias=False)
        (11): BatchNorm2d(256, eps=0.001, momentum=0.01, affine=True, track_running_stats=True)
        (12): ReLU()
        (13): Conv2d(256, 256, kernel_size=(3, 3), stride=(1, 1), padding=(1, 1), bias=False)
        (14): BatchNorm2d(256, eps=0.001, momentum=0.01, affine=True, track_running_stats=True)
        (15): ReLU()
        (16): Conv2d(256, 256, kernel_size=(3, 3), stride=(1, 1), padding=(1, 1), bias=False)
        (17): BatchNorm2d(256, eps=0.001, momentum=0.01, affine=True, track_running_stats=True)
        (18): ReLU()
      )
    )
    (deblocks): ModuleList(
      (0): Sequential(
        (0): Conv2d(128, 256, kernel_size=(np.int64(1), np.int64(1)), stride=(np.int64(1), np.int64(1)), bias=False)
        (1): BatchNorm2d(256, eps=0.001, momentum=0.01, affine=True, track_running_stats=True)
        (2): ReLU()
      )
      (1): Sequential(
        (0): ConvTranspose2d(256, 256, kernel_size=(2, 2), stride=(2, 2), bias=False)
        (1): BatchNorm2d(256, eps=0.001, momentum=0.01, affine=True, track_running_stats=True)
        (2): ReLU()
      )
    )
  )
  (dense_head): TransFusionHead(
    (loss_cls): SigmoidFocalClassificationLoss()
    (loss_bbox): L1Loss()
    (loss_heatmap): GaussianFocalLoss()
    (shared_conv): Conv2d(512, 128, kernel_size=(3, 3), stride=(1, 1), padding=(1, 1))
    (heatmap_head): Sequential(
      (0): BasicBlock2D(
        (conv): Conv2d(128, 128, kernel_size=(3, 3), stride=(1, 1), padding=(1, 1), bias=False)
        (bn): BatchNorm2d(128, eps=1e-05, momentum=0.1, affine=True, track_running_stats=True)
        (relu): ReLU(inplace=True)
      )
      (1): Conv2d(128, 8, kernel_size=(3, 3), stride=(1, 1), padding=(1, 1))
    )
    (class_encoding): Conv1d(8, 128, kernel_size=(1,), stride=(1,))
    (decoder): TransformerDecoderLayer(
      (self_attn): MultiheadAttention(
        (out_proj): NonDynamicallyQuantizableLinear(in_features=128, out_features=128, bias=True)
      )
      (multihead_attn): MultiheadAttention(
        (out_proj): NonDynamicallyQuantizableLinear(in_features=128, out_features=128, bias=True)
      )
      (linear1): Linear(in_features=128, out_features=256, bias=True)
      (dropout): Dropout(p=0.1, inplace=False)
      (linear2): Linear(in_features=256, out_features=128, bias=True)
      (norm1): LayerNorm((128,), eps=1e-05, elementwise_affine=True)
      (norm2): LayerNorm((128,), eps=1e-05, elementwise_affine=True)
      (norm3): LayerNorm((128,), eps=1e-05, elementwise_affine=True)
      (dropout1): Dropout(p=0.1, inplace=False)
      (dropout2): Dropout(p=0.1, inplace=False)
      (dropout3): Dropout(p=0.1, inplace=False)
      (self_posembed): PositionEmbeddingLearned(
        (position_embedding_head): Sequential(
          (0): Conv1d(2, 128, kernel_size=(1,), stride=(1,))
          (1): BatchNorm1d(128, eps=1e-05, momentum=0.1, affine=True, track_running_stats=True)
          (2): ReLU(inplace=True)
          (3): Conv1d(128, 128, kernel_size=(1,), stride=(1,))
        )
      )
      (cross_posembed): PositionEmbeddingLearned(
        (position_embedding_head): Sequential(
          (0): Conv1d(2, 128, kernel_size=(1,), stride=(1,))
          (1): BatchNorm1d(128, eps=1e-05, momentum=0.1, affine=True, track_running_stats=True)
          (2): ReLU(inplace=True)
          (3): Conv1d(128, 128, kernel_size=(1,), stride=(1,))
        )
      )
    )
    (prediction_head): SeparateHead_Transfusion(
      (center): Sequential(
        (0): Sequential(
          (0): Conv1d(128, 64, kernel_size=(1,), stride=(1,), bias=False)
          (1): BatchNorm1d(64, eps=1e-05, momentum=0.1, affine=True, track_running_stats=True)
          (2): ReLU()
        )
        (1): Conv1d(64, 2, kernel_size=(1,), stride=(1,))
      )
      (height): Sequential(
        (0): Sequential(
          (0): Conv1d(128, 64, kernel_size=(1,), stride=(1,), bias=False)
          (1): BatchNorm1d(64, eps=1e-05, momentum=0.1, affine=True, track_running_stats=True)
          (2): ReLU()
        )
        (1): Conv1d(64, 1, kernel_size=(1,), stride=(1,))
      )
      (dim): Sequential(
        (0): Sequential(
          (0): Conv1d(128, 64, kernel_size=(1,), stride=(1,), bias=False)
          (1): BatchNorm1d(64, eps=1e-05, momentum=0.1, affine=True, track_running_stats=True)
          (2): ReLU()
        )
        (1): Conv1d(64, 3, kernel_size=(1,), stride=(1,))
      )
      (rot): Sequential(
        (0): Sequential(
          (0): Conv1d(128, 64, kernel_size=(1,), stride=(1,), bias=False)
          (1): BatchNorm1d(64, eps=1e-05, momentum=0.1, affine=True, track_running_stats=True)
          (2): ReLU()
        )
        (1): Conv1d(64, 2, kernel_size=(1,), stride=(1,))
      )
      (vel): Sequential(
        (0): Sequential(
          (0): Conv1d(128, 64, kernel_size=(1,), stride=(1,), bias=False)
          (1): BatchNorm1d(64, eps=1e-05, momentum=0.1, affine=True, track_running_stats=True)
          (2): ReLU()
        )
        (1): Conv1d(64, 2, kernel_size=(1,), stride=(1,))
      )
      (heatmap): Sequential(
        (0): Sequential(
          (0): Conv1d(128, 64, kernel_size=(1,), stride=(1,), bias=False)
          (1): BatchNorm1d(64, eps=1e-05, momentum=0.1, affine=True, track_running_stats=True)
          (2): ReLU()
        )
        (1): Conv1d(64, 8, kernel_size=(1,), stride=(1,))
      )
    )
  )
  (point_head): None
  (roi_head): None
)
2026-08-26 23:21:05,619   INFO  **********************Start training nuscenes_models/transfusion_lidar_carla(default)**********************
