2026-08-26 23:25:04,662   INFO  **********************Start logging**********************
2026-08-26 23:25:04,663   INFO  CUDA_VISIBLE_DEVICES=ALL
2026-08-26 23:25:04,663   INFO  Training with a single process
2026-08-26 23:25:04,663   INFO  cfg_file         cfgs/nuscenes_models/transfusion_lidar_carla.yaml
2026-08-26 23:25:04,663   INFO  batch_size       4
2026-08-26 23:25:04,663   INFO  epochs           6
2026-08-26 23:25:04,663   INFO  workers          4
2026-08-26 23:25:04,663   INFO  extra_tag        default
2026-08-26 23:25:04,663   INFO  ckpt             None
2026-08-26 23:25:04,663   INFO  pretrained_model None
2026-08-26 23:25:04,663   INFO  launcher         none
2026-08-26 23:25:04,663   INFO  tcp_port         18888
2026-08-26 23:25:04,663   INFO  sync_bn          False
2026-08-26 23:25:04,663   INFO  fix_random_seed  False
2026-08-26 23:25:04,663   INFO  ckpt_save_interval 1
2026-08-26 23:25:04,663   INFO  local_rank       None
2026-08-26 23:25:04,663   INFO  max_ckpt_save_num 30
2026-08-26 23:25:04,663   INFO  merge_all_iters_to_one_epoch False
2026-08-26 23:25:04,664   INFO  set_cfgs         None
2026-08-26 23:25:04,664   INFO  max_waiting_mins 0
2026-08-26 23:25:04,664   INFO  start_epoch      0
2026-08-26 23:25:04,664   INFO  num_epochs_to_eval 0
2026-08-26 23:25:04,664   INFO  save_to_file     False
2026-08-26 23:25:04,664   INFO  use_tqdm_to_record False
2026-08-26 23:25:04,664   INFO  logger_iter_interval 50
2026-08-26 23:25:04,664   INFO  ckpt_save_time_interval 300
2026-08-26 23:25:04,664   INFO  wo_gpu_stat      False
2026-08-26 23:25:04,664   INFO  use_amp          False
2026-08-26 23:25:04,664   INFO  cfg.ROOT_DIR: /workspace/OpenPCDet
2026-08-26 23:25:04,664   INFO  cfg.LOCAL_RANK: 0
2026-08-26 23:25:04,664   INFO  cfg.CLASS_NAMES: ['car', 'truck', 'bus', 'barrier', 'motorcycle', 'bicycle', 'pedestrian', 'traffic_cone']
2026-08-26 23:25:04,664   INFO  ----------- DATA_CONFIG -----------
2026-08-26 23:25:04,664   INFO  cfg.DATA_CONFIG.DATASET: NuScenesDataset
2026-08-26 23:25:04,664   INFO  cfg.DATA_CONFIG.DATA_PATH: ../data/nuscenes
2026-08-26 23:25:04,665   INFO  cfg.DATA_CONFIG.VERSION: v1.0-carla
2026-08-26 23:25:04,665   INFO  cfg.DATA_CONFIG.MAX_SWEEPS: 10
2026-08-26 23:25:04,665   INFO  cfg.DATA_CONFIG.PRED_VELOCITY: True
2026-08-26 23:25:04,665   INFO  cfg.DATA_CONFIG.SET_NAN_VELOCITY_TO_ZEROS: True
2026-08-26 23:25:04,665   INFO  cfg.DATA_CONFIG.FILTER_MIN_POINTS_IN_GT: 1
2026-08-26 23:25:04,665   INFO  ----------- DATA_SPLIT -----------
2026-08-26 23:25:04,665   INFO  cfg.DATA_CONFIG.DATA_SPLIT.train: train
2026-08-26 23:25:04,665   INFO  cfg.DATA_CONFIG.DATA_SPLIT.test: val
2026-08-26 23:25:04,665   INFO  ----------- INFO_PATH -----------
2026-08-26 23:25:04,665   INFO  cfg.DATA_CONFIG.INFO_PATH.train: ['nuscenes_infos_10sweeps_train.pkl']
2026-08-26 23:25:04,665   INFO  cfg.DATA_CONFIG.INFO_PATH.test: ['nuscenes_infos_10sweeps_val.pkl']
2026-08-26 23:25:04,665   INFO  cfg.DATA_CONFIG.POINT_CLOUD_RANGE: [-54.0, -54.0, -5.0, 54.0, 54.0, 3.0]
2026-08-26 23:25:04,665   INFO  cfg.DATA_CONFIG.BALANCED_RESAMPLING: True
2026-08-26 23:25:04,665   INFO  ----------- DATA_AUGMENTOR -----------
2026-08-26 23:25:04,665   INFO  cfg.DATA_CONFIG.DATA_AUGMENTOR.DISABLE_AUG_LIST: ['placeholder']
2026-08-26 23:25:04,665   INFO  cfg.DATA_CONFIG.DATA_AUGMENTOR.AUG_CONFIG_LIST: [{'NAME': 'gt_sampling', 'DB_INFO_PATH': ['nuscenes_dbinfos_10sweeps_withvelo.pkl'], 'PREPARE': {'filter_by_min_points': ['car:5', 'truck:5', 'bus:5', 'barrier:5', 'motorcycle:5', 'bicycle:5', 'pedestrian:5', 'traffic_cone:5']}, 'SAMPLE_GROUPS': ['car:2', 'truck:3', 'bus:4', 'barrier:2', 'motorcycle:6', 'bicycle:6', 'pedestrian:2', 'traffic_cone:2'], 'NUM_POINT_FEATURES': 5, 'DATABASE_WITH_FAKELIDAR': False, 'REMOVE_EXTRA_WIDTH': [0.0, 0.0, 0.0], 'LIMIT_WHOLE_SCENE': True}, {'NAME': 'random_world_flip', 'ALONG_AXIS_LIST': ['x', 'y']}, {'NAME': 'random_world_rotation', 'WORLD_ROT_ANGLE': [-0.78539816, 0.78539816]}, {'NAME': 'random_world_scaling', 'WORLD_SCALE_RANGE': [0.9, 1.1]}, {'NAME': 'random_world_translation', 'NOISE_TRANSLATE_STD': [0.5, 0.5, 0.5]}]
2026-08-26 23:25:04,665   INFO  ----------- POINT_FEATURE_ENCODING -----------
2026-08-26 23:25:04,665   INFO  cfg.DATA_CONFIG.POINT_FEATURE_ENCODING.encoding_type: absolute_coordinates_encoding
2026-08-26 23:25:04,665   INFO  cfg.DATA_CONFIG.POINT_FEATURE_ENCODING.used_feature_list: ['x', 'y', 'z', 'intensity', 'timestamp']
2026-08-26 23:25:04,666   INFO  cfg.DATA_CONFIG.POINT_FEATURE_ENCODING.src_feature_list: ['x', 'y', 'z', 'intensity', 'timestamp']
2026-08-26 23:25:04,666   INFO  cfg.DATA_CONFIG.DATA_PROCESSOR: [{'NAME': 'mask_points_and_boxes_outside_range', 'REMOVE_OUTSIDE_BOXES': True}, {'NAME': 'shuffle_points', 'SHUFFLE_ENABLED': {'train': True, 'test': True}}, {'NAME': 'transform_points_to_voxels', 'VOXEL_SIZE': [0.075, 0.075, 0.2], 'MAX_POINTS_PER_VOXEL': 10, 'MAX_NUMBER_OF_VOXELS': {'train': 120000, 'test': 160000}}]
2026-08-26 23:25:04,666   INFO  cfg.DATA_CONFIG._BASE_CONFIG_: cfgs/dataset_configs/nuscenes_dataset_carla.yaml
2026-08-26 23:25:04,666   INFO  ----------- MODEL -----------
2026-08-26 23:25:04,666   INFO  cfg.MODEL.NAME: TransFusion
2026-08-26 23:25:04,666   INFO  ----------- VFE -----------
2026-08-26 23:25:04,666   INFO  cfg.MODEL.VFE.NAME: MeanVFE
2026-08-26 23:25:04,666   INFO  ----------- BACKBONE_3D -----------
2026-08-26 23:25:04,666   INFO  cfg.MODEL.BACKBONE_3D.NAME: VoxelResBackBone8x
2026-08-26 23:25:04,666   INFO  cfg.MODEL.BACKBONE_3D.USE_BIAS: False
2026-08-26 23:25:04,666   INFO  ----------- MAP_TO_BEV -----------
2026-08-26 23:25:04,666   INFO  cfg.MODEL.MAP_TO_BEV.NAME: HeightCompression
2026-08-26 23:25:04,666   INFO  cfg.MODEL.MAP_TO_BEV.NUM_BEV_FEATURES: 256
2026-08-26 23:25:04,666   INFO  ----------- BACKBONE_2D -----------
2026-08-26 23:25:04,667   INFO  cfg.MODEL.BACKBONE_2D.NAME: BaseBEVBackbone
2026-08-26 23:25:04,667   INFO  cfg.MODEL.BACKBONE_2D.LAYER_NUMS: [5, 5]
2026-08-26 23:25:04,667   INFO  cfg.MODEL.BACKBONE_2D.LAYER_STRIDES: [1, 2]
2026-08-26 23:25:04,667   INFO  cfg.MODEL.BACKBONE_2D.NUM_FILTERS: [128, 256]
2026-08-26 23:25:04,667   INFO  cfg.MODEL.BACKBONE_2D.UPSAMPLE_STRIDES: [1, 2]
2026-08-26 23:25:04,667   INFO  cfg.MODEL.BACKBONE_2D.NUM_UPSAMPLE_FILTERS: [256, 256]
2026-08-26 23:25:04,667   INFO  cfg.MODEL.BACKBONE_2D.USE_CONV_FOR_NO_STRIDE: True
2026-08-26 23:25:04,667   INFO  ----------- DENSE_HEAD -----------
2026-08-26 23:25:04,667   INFO  cfg.MODEL.DENSE_HEAD.CLASS_AGNOSTIC: False
2026-08-26 23:25:04,667   INFO  cfg.MODEL.DENSE_HEAD.NAME: TransFusionHead
2026-08-26 23:25:04,667   INFO  cfg.MODEL.DENSE_HEAD.USE_BIAS_BEFORE_NORM: False
2026-08-26 23:25:04,667   INFO  cfg.MODEL.DENSE_HEAD.NUM_PROPOSALS: 200
2026-08-26 23:25:04,667   INFO  cfg.MODEL.DENSE_HEAD.HIDDEN_CHANNEL: 128
2026-08-26 23:25:04,667   INFO  cfg.MODEL.DENSE_HEAD.NUM_CLASSES: 8
2026-08-26 23:25:04,667   INFO  cfg.MODEL.DENSE_HEAD.NUM_HEADS: 8
2026-08-26 23:25:04,667   INFO  cfg.MODEL.DENSE_HEAD.NMS_KERNEL_SIZE: 3
2026-08-26 23:25:04,667   INFO  cfg.MODEL.DENSE_HEAD.FFN_CHANNEL: 256
2026-08-26 23:25:04,667   INFO  cfg.MODEL.DENSE_HEAD.DROPOUT: 0.1
2026-08-26 23:25:04,667   INFO  cfg.MODEL.DENSE_HEAD.BN_MOMENTUM: 0.1
2026-08-26 23:25:04,668   INFO  cfg.MODEL.DENSE_HEAD.ACTIVATION: relu
2026-08-26 23:25:04,668   INFO  cfg.MODEL.DENSE_HEAD.NUM_HM_CONV: 2
2026-08-26 23:25:04,668   INFO  ----------- SEPARATE_HEAD_CFG -----------
2026-08-26 23:25:04,668   INFO  cfg.MODEL.DENSE_HEAD.SEPARATE_HEAD_CFG.HEAD_ORDER: ['center', 'height', 'dim', 'rot', 'vel']
2026-08-26 23:25:04,668   INFO  ----------- HEAD_DICT -----------
2026-08-26 23:25:04,668   INFO  ----------- center -----------
2026-08-26 23:25:04,668   INFO  cfg.MODEL.DENSE_HEAD.SEPARATE_HEAD_CFG.HEAD_DICT.center.out_channels: 2
2026-08-26 23:25:04,668   INFO  cfg.MODEL.DENSE_HEAD.SEPARATE_HEAD_CFG.HEAD_DICT.center.num_conv: 2
2026-08-26 23:25:04,668   INFO  ----------- height -----------
2026-08-26 23:25:04,668   INFO  cfg.MODEL.DENSE_HEAD.SEPARATE_HEAD_CFG.HEAD_DICT.height.out_channels: 1
2026-08-26 23:25:04,668   INFO  cfg.MODEL.DENSE_HEAD.SEPARATE_HEAD_CFG.HEAD_DICT.height.num_conv: 2
2026-08-26 23:25:04,668   INFO  ----------- dim -----------
2026-08-26 23:25:04,668   INFO  cfg.MODEL.DENSE_HEAD.SEPARATE_HEAD_CFG.HEAD_DICT.dim.out_channels: 3
2026-08-26 23:25:04,668   INFO  cfg.MODEL.DENSE_HEAD.SEPARATE_HEAD_CFG.HEAD_DICT.dim.num_conv: 2
2026-08-26 23:25:04,668   INFO  ----------- rot -----------
2026-08-26 23:25:04,668   INFO  cfg.MODEL.DENSE_HEAD.SEPARATE_HEAD_CFG.HEAD_DICT.rot.out_channels: 2
2026-08-26 23:25:04,668   INFO  cfg.MODEL.DENSE_HEAD.SEPARATE_HEAD_CFG.HEAD_DICT.rot.num_conv: 2
2026-08-26 23:25:04,669   INFO  ----------- vel -----------
2026-08-26 23:25:04,669   INFO  cfg.MODEL.DENSE_HEAD.SEPARATE_HEAD_CFG.HEAD_DICT.vel.out_channels: 2
2026-08-26 23:25:04,669   INFO  cfg.MODEL.DENSE_HEAD.SEPARATE_HEAD_CFG.HEAD_DICT.vel.num_conv: 2
2026-08-26 23:25:04,669   INFO  ----------- TARGET_ASSIGNER_CONFIG -----------
2026-08-26 23:25:04,669   INFO  cfg.MODEL.DENSE_HEAD.TARGET_ASSIGNER_CONFIG.FEATURE_MAP_STRIDE: 8
2026-08-26 23:25:04,669   INFO  cfg.MODEL.DENSE_HEAD.TARGET_ASSIGNER_CONFIG.DATASET: nuScenes
2026-08-26 23:25:04,669   INFO  cfg.MODEL.DENSE_HEAD.TARGET_ASSIGNER_CONFIG.GAUSSIAN_OVERLAP: 0.1
2026-08-26 23:25:04,669   INFO  cfg.MODEL.DENSE_HEAD.TARGET_ASSIGNER_CONFIG.MIN_RADIUS: 2
2026-08-26 23:25:04,669   INFO  ----------- HUNGARIAN_ASSIGNER -----------
2026-08-26 23:25:04,669   INFO  ----------- cls_cost -----------
2026-08-26 23:25:04,669   INFO  cfg.MODEL.DENSE_HEAD.TARGET_ASSIGNER_CONFIG.HUNGARIAN_ASSIGNER.cls_cost.gamma: 2.0
2026-08-26 23:25:04,670   INFO  cfg.MODEL.DENSE_HEAD.TARGET_ASSIGNER_CONFIG.HUNGARIAN_ASSIGNER.cls_cost.alpha: 0.25
2026-08-26 23:25:04,670   INFO  cfg.MODEL.DENSE_HEAD.TARGET_ASSIGNER_CONFIG.HUNGARIAN_ASSIGNER.cls_cost.weight: 0.15
2026-08-26 23:25:04,670   INFO  ----------- reg_cost -----------
2026-08-26 23:25:04,670   INFO  cfg.MODEL.DENSE_HEAD.TARGET_ASSIGNER_CONFIG.HUNGARIAN_ASSIGNER.reg_cost.weight: 0.25
2026-08-26 23:25:04,670   INFO  ----------- iou_cost -----------
2026-08-26 23:25:04,670   INFO  cfg.MODEL.DENSE_HEAD.TARGET_ASSIGNER_CONFIG.HUNGARIAN_ASSIGNER.iou_cost.weight: 0.25
2026-08-26 23:25:04,670   INFO  ----------- LOSS_CONFIG -----------
2026-08-26 23:25:04,670   INFO  ----------- LOSS_WEIGHTS -----------
2026-08-26 23:25:04,670   INFO  cfg.MODEL.DENSE_HEAD.LOSS_CONFIG.LOSS_WEIGHTS.cls_weight: 1.0
2026-08-26 23:25:04,670   INFO  cfg.MODEL.DENSE_HEAD.LOSS_CONFIG.LOSS_WEIGHTS.bbox_weight: 0.25
2026-08-26 23:25:04,670   INFO  cfg.MODEL.DENSE_HEAD.LOSS_CONFIG.LOSS_WEIGHTS.hm_weight: 1.0
2026-08-26 23:25:04,670   INFO  cfg.MODEL.DENSE_HEAD.LOSS_CONFIG.LOSS_WEIGHTS.code_weights: [1.0, 1.0, 1.0, 1.0, 1.0, 1.0, 1.0, 1.0, 0.2, 0.2]
2026-08-26 23:25:04,670   INFO  ----------- LOSS_CLS -----------
2026-08-26 23:25:04,671   INFO  cfg.MODEL.DENSE_HEAD.LOSS_CONFIG.LOSS_CLS.use_sigmoid: True
2026-08-26 23:25:04,671   INFO  cfg.MODEL.DENSE_HEAD.LOSS_CONFIG.LOSS_CLS.gamma: 2.0
2026-08-26 23:25:04,671   INFO  cfg.MODEL.DENSE_HEAD.LOSS_CONFIG.LOSS_CLS.alpha: 0.25
2026-08-26 23:25:04,671   INFO  ----------- POST_PROCESSING -----------
2026-08-26 23:25:04,671   INFO  cfg.MODEL.DENSE_HEAD.POST_PROCESSING.SCORE_THRESH: 0.0
2026-08-26 23:25:04,671   INFO  cfg.MODEL.DENSE_HEAD.POST_PROCESSING.POST_CENTER_RANGE: [-61.2, -61.2, -10.0, 61.2, 61.2, 10.0]
2026-08-26 23:25:04,671   INFO  ----------- POST_PROCESSING -----------
2026-08-26 23:25:04,671   INFO  cfg.MODEL.POST_PROCESSING.RECALL_THRESH_LIST: [0.3, 0.5, 0.7]
2026-08-26 23:25:04,671   INFO  cfg.MODEL.POST_PROCESSING.SCORE_THRESH: 0.1
2026-08-26 23:25:04,671   INFO  cfg.MODEL.POST_PROCESSING.OUTPUT_RAW_SCORE: False
2026-08-26 23:25:04,671   INFO  cfg.MODEL.POST_PROCESSING.EVAL_METRIC: kitti
2026-08-26 23:25:04,671   INFO  ----------- OPTIMIZATION -----------
2026-08-26 23:25:04,671   INFO  cfg.OPTIMIZATION.BATCH_SIZE_PER_GPU: 4
2026-08-26 23:25:04,671   INFO  cfg.OPTIMIZATION.NUM_EPOCHS: 6
2026-08-26 23:25:04,671   INFO  cfg.OPTIMIZATION.OPTIMIZER: adam_onecycle
2026-08-26 23:25:04,672   INFO  cfg.OPTIMIZATION.LR: 0.001
2026-08-26 23:25:04,672   INFO  cfg.OPTIMIZATION.WEIGHT_DECAY: 0.01
2026-08-26 23:25:04,672   INFO  cfg.OPTIMIZATION.MOMENTUM: 0.9
2026-08-26 23:25:04,672   INFO  cfg.OPTIMIZATION.BETAS: [0.9, 0.999]
2026-08-26 23:25:04,672   INFO  cfg.OPTIMIZATION.MOMS: [0.9, 0.8052631]
2026-08-26 23:25:04,672   INFO  cfg.OPTIMIZATION.PCT_START: 0.4
2026-08-26 23:25:04,672   INFO  cfg.OPTIMIZATION.DIV_FACTOR: 10
2026-08-26 23:25:04,672   INFO  cfg.OPTIMIZATION.DECAY_STEP_LIST: [35, 45]
2026-08-26 23:25:04,672   INFO  cfg.OPTIMIZATION.LR_DECAY: 0.1
2026-08-26 23:25:04,672   INFO  cfg.OPTIMIZATION.LR_CLIP: 1e-07
2026-08-26 23:25:04,672   INFO  cfg.OPTIMIZATION.LR_WARMUP: False
2026-08-26 23:25:04,672   INFO  cfg.OPTIMIZATION.WARMUP_EPOCH: 1
2026-08-26 23:25:04,672   INFO  cfg.OPTIMIZATION.GRAD_NORM_CLIP: 35
2026-08-26 23:25:04,672   INFO  ----------- HOOK -----------
2026-08-26 23:25:04,672   INFO  ----------- DisableAugmentationHook -----------
2026-08-26 23:25:04,672   INFO  cfg.HOOK.DisableAugmentationHook.DISABLE_AUG_LIST: ['gt_sampling']
2026-08-26 23:25:04,672   INFO  cfg.HOOK.DisableAugmentationHook.NUM_LAST_EPOCHS: 5
2026-08-26 23:25:04,672   INFO  cfg.TAG: transfusion_lidar_carla
2026-08-26 23:25:04,673   INFO  cfg.EXP_GROUP_PATH: nuscenes_models
2026-08-26 23:25:04,677   INFO  ----------- Create dataloader & network & optimizer -----------
2026-08-26 23:25:04,694   INFO  Database filter by min points car: 2283 => 2218
2026-08-26 23:25:04,694   INFO  Database filter by min points truck: 408 => 391
2026-08-26 23:25:04,694   INFO  Database filter by min points bus: 81 => 73
2026-08-26 23:25:04,694   INFO  Database filter by min points barrier: 49 => 48
2026-08-26 23:25:04,694   INFO  Database filter by min points motorcycle: 344 => 321
2026-08-26 23:25:04,694   INFO  Database filter by min points bicycle: 207 => 203
2026-08-26 23:25:04,694   INFO  Database filter by min points pedestrian: 2136 => 1594
2026-08-26 23:25:04,695   INFO  Database filter by min points traffic_cone: 83 => 80
2026-08-26 23:25:04,695   INFO  Loading NuScenes dataset
2026-08-26 23:25:04,712   INFO  Total samples for NuScenes dataset: 400
2026-08-26 23:25:04,714   INFO  Total samples after balanced resampling: 1504
2026-08-26 23:25:05,038   INFO  ----------- Model TransFusion created, param count: 8303338 -----------
2026-08-26 23:25:05,038   INFO  TransFusion(
  (vfe): MeanVFE()
  (backbone_3d): VoxelResBackBone8x(
    (conv_input): SparseSequential(
      (0): SubMConv3d(5, 16, kernel_size=[3, 3, 3], stride=[1, 1, 1], padding=[1, 1, 1], dilation=[1, 1, 1], output_padding=[0, 0, 0], bias=False, algo=ConvAlgo.MaskImplicitGemm)
      (1): BatchNorm1d(16, eps=0.001, momentum=0.01, affine=True, track_running_stats=True)
      (2): ReLU()
    )
    (conv1): SparseSequential(
      (0): SparseBasicBlock(
        (conv1): SubMConv3d(16, 16, kernel_size=[3, 3, 3], stride=[1, 1, 1], padding=[1, 1, 1], dilation=[1, 1, 1], output_padding=[0, 0, 0], bias=False, algo=ConvAlgo.MaskImplicitGemm)
        (bn1): BatchNorm1d(16, eps=0.001, momentum=0.01, affine=True, track_running_stats=True)
        (relu): ReLU()
        (conv2): SubMConv3d(16, 16, kernel_size=[3, 3, 3], stride=[1, 1, 1], padding=[1, 1, 1], dilation=[1, 1, 1], output_padding=[0, 0, 0], bias=False, algo=ConvAlgo.MaskImplicitGemm)
        (bn2): BatchNorm1d(16, eps=0.001, momentum=0.01, affine=True, track_running_stats=True)
      )
      (1): SparseBasicBlock(
        (conv1): SubMConv3d(16, 16, kernel_size=[3, 3, 3], stride=[1, 1, 1], padding=[1, 1, 1], dilation=[1, 1, 1], output_padding=[0, 0, 0], bias=False, algo=ConvAlgo.MaskImplicitGemm)
        (bn1): BatchNorm1d(16, eps=0.001, momentum=0.01, affine=True, track_running_stats=True)
        (relu): ReLU()
        (conv2): SubMConv3d(16, 16, kernel_size=[3, 3, 3], stride=[1, 1, 1], padding=[1, 1, 1], dilation=[1, 1, 1], output_padding=[0, 0, 0], bias=False, algo=ConvAlgo.MaskImplicitGemm)
        (bn2): BatchNorm1d(16, eps=0.001, momentum=0.01, affine=True, track_running_stats=True)
      )
    )
    (conv2): SparseSequential(
      (0): SparseSequential(
        (0): SparseConv3d(16, 32, kernel_size=[3, 3, 3], stride=[2, 2, 2], padding=[1, 1, 1], dilation=[1, 1, 1], output_padding=[0, 0, 0], bias=False, algo=ConvAlgo.MaskImplicitGemm)
        (1): BatchNorm1d(32, eps=0.001, momentum=0.01, affine=True, track_running_stats=True)
        (2): ReLU()
      )
      (1): SparseBasicBlock(
        (conv1): SubMConv3d(32, 32, kernel_size=[3, 3, 3], stride=[1, 1, 1], padding=[1, 1, 1], dilation=[1, 1, 1], output_padding=[0, 0, 0], bias=False, algo=ConvAlgo.MaskImplicitGemm)
        (bn1): BatchNorm1d(32, eps=0.001, momentum=0.01, affine=True, track_running_stats=True)
        (relu): ReLU()
        (conv2): SubMConv3d(32, 32, kernel_size=[3, 3, 3], stride=[1, 1, 1], padding=[1, 1, 1], dilation=[1, 1, 1], output_padding=[0, 0, 0], bias=False, algo=ConvAlgo.MaskImplicitGemm)
        (bn2): BatchNorm1d(32, eps=0.001, momentum=0.01, affine=True, track_running_stats=True)
      )
      (2): SparseBasicBlock(
        (conv1): SubMConv3d(32, 32, kernel_size=[3, 3, 3], stride=[1, 1, 1], padding=[1, 1, 1], dilation=[1, 1, 1], output_padding=[0, 0, 0], bias=False, algo=ConvAlgo.MaskImplicitGemm)
        (bn1): BatchNorm1d(32, eps=0.001, momentum=0.01, affine=True, track_running_stats=True)
        (relu): ReLU()
        (conv2): SubMConv3d(32, 32, kernel_size=[3, 3, 3], stride=[1, 1, 1], padding=[1, 1, 1], dilation=[1, 1, 1], output_padding=[0, 0, 0], bias=False, algo=ConvAlgo.MaskImplicitGemm)
        (bn2): BatchNorm1d(32, eps=0.001, momentum=0.01, affine=True, track_running_stats=True)
      )
    )
    (conv3): SparseSequential(
      (0): SparseSequential(
        (0): SparseConv3d(32, 64, kernel_size=[3, 3, 3], stride=[2, 2, 2], padding=[1, 1, 1], dilation=[1, 1, 1], output_padding=[0, 0, 0], bias=False, algo=ConvAlgo.MaskImplicitGemm)
        (1): BatchNorm1d(64, eps=0.001, momentum=0.01, affine=True, track_running_stats=True)
        (2): ReLU()
      )
      (1): SparseBasicBlock(
        (conv1): SubMConv3d(64, 64, kernel_size=[3, 3, 3], stride=[1, 1, 1], padding=[1, 1, 1], dilation=[1, 1, 1], output_padding=[0, 0, 0], bias=False, algo=ConvAlgo.MaskImplicitGemm)
        (bn1): BatchNorm1d(64, eps=0.001, momentum=0.01, affine=True, track_running_stats=True)
        (relu): ReLU()
        (conv2): SubMConv3d(64, 64, kernel_size=[3, 3, 3], stride=[1, 1, 1], padding=[1, 1, 1], dilation=[1, 1, 1], output_padding=[0, 0, 0], bias=False, algo=ConvAlgo.MaskImplicitGemm)
        (bn2): BatchNorm1d(64, eps=0.001, momentum=0.01, affine=True, track_running_stats=True)
      )
      (2): SparseBasicBlock(
        (conv1): SubMConv3d(64, 64, kernel_size=[3, 3, 3], stride=[1, 1, 1], padding=[1, 1, 1], dilation=[1, 1, 1], output_padding=[0, 0, 0], bias=False, algo=ConvAlgo.MaskImplicitGemm)
        (bn1): BatchNorm1d(64, eps=0.001, momentum=0.01, affine=True, track_running_stats=True)
        (relu): ReLU()
        (conv2): SubMConv3d(64, 64, kernel_size=[3, 3, 3], stride=[1, 1, 1], padding=[1, 1, 1], dilation=[1, 1, 1], output_padding=[0, 0, 0], bias=False, algo=ConvAlgo.MaskImplicitGemm)
        (bn2): BatchNorm1d(64, eps=0.001, momentum=0.01, affine=True, track_running_stats=True)
      )
    )
    (conv4): SparseSequential(
      (0): SparseSequential(
        (0): SparseConv3d(64, 128, kernel_size=[3, 3, 3], stride=[2, 2, 2], padding=[0, 1, 1], dilation=[1, 1, 1], output_padding=[0, 0, 0], bias=False, algo=ConvAlgo.MaskImplicitGemm)
        (1): BatchNorm1d(128, eps=0.001, momentum=0.01, affine=True, track_running_stats=True)
        (2): ReLU()
      )
      (1): SparseBasicBlock(
        (conv1): SubMConv3d(128, 128, kernel_size=[3, 3, 3], stride=[1, 1, 1], padding=[1, 1, 1], dilation=[1, 1, 1], output_padding=[0, 0, 0], bias=False, algo=ConvAlgo.MaskImplicitGemm)
        (bn1): BatchNorm1d(128, eps=0.001, momentum=0.01, affine=True, track_running_stats=True)
        (relu): ReLU()
        (conv2): SubMConv3d(128, 128, kernel_size=[3, 3, 3], stride=[1, 1, 1], padding=[1, 1, 1], dilation=[1, 1, 1], output_padding=[0, 0, 0], bias=False, algo=ConvAlgo.MaskImplicitGemm)
        (bn2): BatchNorm1d(128, eps=0.001, momentum=0.01, affine=True, track_running_stats=True)
      )
      (2): SparseBasicBlock(
        (conv1): SubMConv3d(128, 128, kernel_size=[3, 3, 3], stride=[1, 1, 1], padding=[1, 1, 1], dilation=[1, 1, 1], output_padding=[0, 0, 0], bias=False, algo=ConvAlgo.MaskImplicitGemm)
        (bn1): BatchNorm1d(128, eps=0.001, momentum=0.01, affine=True, track_running_stats=True)
        (relu): ReLU()
        (conv2): SubMConv3d(128, 128, kernel_size=[3, 3, 3], stride=[1, 1, 1], padding=[1, 1, 1], dilation=[1, 1, 1], output_padding=[0, 0, 0], bias=False, algo=ConvAlgo.MaskImplicitGemm)
        (bn2): BatchNorm1d(128, eps=0.001, momentum=0.01, affine=True, track_running_stats=True)
      )
    )
    (conv_out): SparseSequential(
      (0): SparseConv3d(128, 128, kernel_size=[3, 1, 1], stride=[2, 1, 1], padding=[0, 0, 0], dilation=[1, 1, 1], output_padding=[0, 0, 0], bias=False, algo=ConvAlgo.MaskImplicitGemm)
      (1): BatchNorm1d(128, eps=0.001, momentum=0.01, affine=True, track_running_stats=True)
      (2): ReLU()
    )
  )
  (map_to_bev_module): HeightCompression()
  (pfe): None
  (backbone_2d): BaseBEVBackbone(
    (blocks): ModuleList(
      (0): Sequential(
        (0): ZeroPad2d((1, 1, 1, 1))
        (1): Conv2d(256, 128, kernel_size=(3, 3), stride=(1, 1), bias=False)
        (2): BatchNorm2d(128, eps=0.001, momentum=0.01, affine=True, track_running_stats=True)
        (3): ReLU()
        (4): Conv2d(128, 128, kernel_size=(3, 3), stride=(1, 1), padding=(1, 1), bias=False)
        (5): BatchNorm2d(128, eps=0.001, momentum=0.01, affine=True, track_running_stats=True)
        (6): ReLU()
        (7): Conv2d(128, 128, kernel_size=(3, 3), stride=(1, 1), padding=(1, 1), bias=False)
        (8): BatchNorm2d(128, eps=0.001, momentum=0.01, affine=True, track_running_stats=True)
        (9): ReLU()
        (10): Conv2d(128, 128, kernel_size=(3, 3), stride=(1, 1), padding=(1, 1), bias=False)
        (11): BatchNorm2d(128, eps=0.001, momentum=0.01, affine=True, track_running_stats=True)
        (12): ReLU()
        (13): Conv2d(128, 128, kernel_size=(3, 3), stride=(1, 1), padding=(1, 1), bias=False)
        (14): BatchNorm2d(128, eps=0.001, momentum=0.01, affine=True, track_running_stats=True)
        (15): ReLU()
        (16): Conv2d(128, 128, kernel_size=(3, 3), stride=(1, 1), padding=(1, 1), bias=False)
        (17): BatchNorm2d(128, eps=0.001, momentum=0.01, affine=True, track_running_stats=True)
        (18): ReLU()
      )
      (1): Sequential(
        (0): ZeroPad2d((1, 1, 1, 1))
        (1): Conv2d(128, 256, kernel_size=(3, 3), stride=(2, 2), bias=False)
        (2): BatchNorm2d(256, eps=0.001, momentum=0.01, affine=True, track_running_stats=True)
        (3): ReLU()
        (4): Conv2d(256, 256, kernel_size=(3, 3), stride=(1, 1), padding=(1, 1), bias=False)
        (5): BatchNorm2d(256, eps=0.001, momentum=0.01, affine=True, track_running_stats=True)
        (6): ReLU()
        (7): Conv2d(256, 256, kernel_size=(3, 3), stride=(1, 1), padding=(1, 1), bias=False)
        (8): BatchNorm2d(256, eps=0.001, momentum=0.01, affine=True, track_running_stats=True)
        (9): ReLU()
        (10): Conv2d(256, 256, kernel_size=(3, 3), stride=(1, 1), padding=(1, 1), bias=False)
        (11): BatchNorm2d(256, eps=0.001, momentum=0.01, affine=True, track_running_stats=True)
        (12): ReLU()
        (13): Conv2d(256, 256, kernel_size=(3, 3), stride=(1, 1), padding=(1, 1), bias=False)
        (14): BatchNorm2d(256, eps=0.001, momentum=0.01, affine=True, track_running_stats=True)
        (15): ReLU()
        (16): Conv2d(256, 256, kernel_size=(3, 3), stride=(1, 1), padding=(1, 1), bias=False)
        (17): BatchNorm2d(256, eps=0.001, momentum=0.01, affine=True, track_running_stats=True)
        (18): ReLU()
      )
    )
    (deblocks): ModuleList(
      (0): Sequential(
        (0): Conv2d(128, 256, kernel_size=(np.int64(1), np.int64(1)), stride=(np.int64(1), np.int64(1)), bias=False)
        (1): BatchNorm2d(256, eps=0.001, momentum=0.01, affine=True, track_running_stats=True)
        (2): ReLU()
      )
      (1): Sequential(
        (0): ConvTranspose2d(256, 256, kernel_size=(2, 2), stride=(2, 2), bias=False)
        (1): BatchNorm2d(256, eps=0.001, momentum=0.01, affine=True, track_running_stats=True)
        (2): ReLU()
      )
    )
  )
  (dense_head): TransFusionHead(
    (loss_cls): SigmoidFocalClassificationLoss()
    (loss_bbox): L1Loss()
    (loss_heatmap): GaussianFocalLoss()
    (shared_conv): Conv2d(512, 128, kernel_size=(3, 3), stride=(1, 1), padding=(1, 1))
    (heatmap_head): Sequential(
      (0): BasicBlock2D(
        (conv): Conv2d(128, 128, kernel_size=(3, 3), stride=(1, 1), padding=(1, 1), bias=False)
        (bn): BatchNorm2d(128, eps=1e-05, momentum=0.1, affine=True, track_running_stats=True)
        (relu): ReLU(inplace=True)
      )
      (1): Conv2d(128, 8, kernel_size=(3, 3), stride=(1, 1), padding=(1, 1))
    )
    (class_encoding): Conv1d(8, 128, kernel_size=(1,), stride=(1,))
    (decoder): TransformerDecoderLayer(
      (self_attn): MultiheadAttention(
        (out_proj): NonDynamicallyQuantizableLinear(in_features=128, out_features=128, bias=True)
      )
      (multihead_attn): MultiheadAttention(
        (out_proj): NonDynamicallyQuantizableLinear(in_features=128, out_features=128, bias=True)
      )
      (linear1): Linear(in_features=128, out_features=256, bias=True)
      (dropout): Dropout(p=0.1, inplace=False)
      (linear2): Linear(in_features=256, out_features=128, bias=True)
      (norm1): LayerNorm((128,), eps=1e-05, elementwise_affine=True)
      (norm2): LayerNorm((128,), eps=1e-05, elementwise_affine=True)
      (norm3): LayerNorm((128,), eps=1e-05, elementwise_affine=True)
      (dropout1): Dropout(p=0.1, inplace=False)
      (dropout2): Dropout(p=0.1, inplace=False)
      (dropout3): Dropout(p=0.1, inplace=False)
      (self_posembed): PositionEmbeddingLearned(
        (position_embedding_head): Sequential(
          (0): Conv1d(2, 128, kernel_size=(1,), stride=(1,))
          (1): BatchNorm1d(128, eps=1e-05, momentum=0.1, affine=True, track_running_stats=True)
          (2): ReLU(inplace=True)
          (3): Conv1d(128, 128, kernel_size=(1,), stride=(1,))
        )
      )
      (cross_posembed): PositionEmbeddingLearned(
        (position_embedding_head): Sequential(
          (0): Conv1d(2, 128, kernel_size=(1,), stride=(1,))
          (1): BatchNorm1d(128, eps=1e-05, momentum=0.1, affine=True, track_running_stats=True)
          (2): ReLU(inplace=True)
          (3): Conv1d(128, 128, kernel_size=(1,), stride=(1,))
        )
      )
    )
    (prediction_head): SeparateHead_Transfusion(
      (center): Sequential(
        (0): Sequential(
          (0): Conv1d(128, 64, kernel_size=(1,), stride=(1,), bias=False)
          (1): BatchNorm1d(64, eps=1e-05, momentum=0.1, affine=True, track_running_stats=True)
          (2): ReLU()
        )
        (1): Conv1d(64, 2, kernel_size=(1,), stride=(1,))
      )
      (height): Sequential(
        (0): Sequential(
          (0): Conv1d(128, 64, kernel_size=(1,), stride=(1,), bias=False)
          (1): BatchNorm1d(64, eps=1e-05, momentum=0.1, affine=True, track_running_stats=True)
          (2): ReLU()
        )
        (1): Conv1d(64, 1, kernel_size=(1,), stride=(1,))
      )
      (dim): Sequential(
        (0): Sequential(
          (0): Conv1d(128, 64, kernel_size=(1,), stride=(1,), bias=False)
          (1): BatchNorm1d(64, eps=1e-05, momentum=0.1, affine=True, track_running_stats=True)
          (2): ReLU()
        )
        (1): Conv1d(64, 3, kernel_size=(1,), stride=(1,))
      )
      (rot): Sequential(
        (0): Sequential(
          (0): Conv1d(128, 64, kernel_size=(1,), stride=(1,), bias=False)
          (1): BatchNorm1d(64, eps=1e-05, momentum=0.1, affine=True, track_running_stats=True)
          (2): ReLU()
        )
        (1): Conv1d(64, 2, kernel_size=(1,), stride=(1,))
      )
      (vel): Sequential(
        (0): Sequential(
          (0): Conv1d(128, 64, kernel_size=(1,), stride=(1,), bias=False)
          (1): BatchNorm1d(64, eps=1e-05, momentum=0.1, affine=True, track_running_stats=True)
          (2): ReLU()
        )
        (1): Conv1d(64, 2, kernel_size=(1,), stride=(1,))
      )
      (heatmap): Sequential(
        (0): Sequential(
          (0): Conv1d(128, 64, kernel_size=(1,), stride=(1,), bias=False)
          (1): BatchNorm1d(64, eps=1e-05, momentum=0.1, affine=True, track_running_stats=True)
          (2): ReLU()
        )
        (1): Conv1d(64, 8, kernel_size=(1,), stride=(1,))
      )
    )
  )
  (point_head): None
  (roi_head): None
)
2026-08-26 23:25:05,040   INFO  **********************Start training nuscenes_models/transfusion_lidar_carla(default)**********************
2026-08-26 23:25:33,922   INFO  Train:    1/6 ( 17%) [   0/376 (  0%)]  Loss: 1895. (1.89e+03)  LR: 1.000e-04  Time cost: 00:28/2:59:35 [00:28/17:57:34]  Acc_iter 1           Data time: 5.24(5.24)  Forward time: 23.42(23.42)  Batch time: 28.66(28.66)
2026-08-26 23:26:17,474   INFO  Train:    1/6 ( 17%) [  49/376 ( 13%)]  Loss: 21.86 (346.)  LR: 1.065e-04  Time cost: 01:12/07:52 [01:12/53:07]  Acc_iter 50          Data time: 0.28(0.34)  Forward time: 0.50(1.10)  Batch time: 0.77(1.44)
2026-08-26 23:27:01,827   INFO  Train:    1/6 ( 17%) [  99/376 ( 26%)]  Loss: 9.222 (179.)  LR: 1.265e-04  Time cost: 01:56/05:22 [01:56/41:54]  Acc_iter 100         Data time: 0.28(0.29)  Forward time: 0.84(0.87)  Batch time: 1.12(1.16)
2026-08-26 23:27:45,769   INFO  Train:    1/6 ( 17%) [ 149/376 ( 40%)]  Loss: 7.528 (122.)  LR: 1.592e-04  Time cost: 02:40/04:02 [02:40/37:34]  Acc_iter 150         Data time: 0.26(0.28)  Forward time: 0.49(0.79)  Batch time: 0.75(1.07)
2026-08-26 23:27:45,775   INFO  
2026-08-26 23:28:30,514   INFO  Train:    1/6 ( 17%) [ 199/376 ( 53%)]  Loss: 6.319 (93.4)  LR: 2.038e-04  Time cost: 03:25/03:01 [03:25/35:11]  Acc_iter 200         Data time: 0.21(0.27)  Forward time: 0.87(0.76)  Batch time: 1.08(1.03)
2026-08-26 23:29:14,672   INFO  Train:    1/6 ( 17%) [ 249/376 ( 66%)]  Loss: 5.488 (75.9)  LR: 2.589e-04  Time cost: 04:09/02:06 [04:09/33:22]  Acc_iter 250         Data time: 0.27(0.26)  Forward time: 0.78(0.73)  Batch time: 1.04(1.00)
2026-08-26 23:29:59,059   INFO  Train:    1/6 ( 17%) [ 299/376 ( 80%)]  Loss: 4.396 (64.1)  LR: 3.227e-04  Time cost: 04:53/01:15 [04:54/31:56]  Acc_iter 300         Data time: 0.28(0.26)  Forward time: 0.78(0.72)  Batch time: 1.06(0.98)
2026-08-26 23:29:59,062   INFO  
2026-08-26 23:30:06,052   INFO  Save latest model to /workspace/OpenPCDet/output/nuscenes_models/transfusion_lidar_carla/default/ckpt/latest_model
2026-08-26 23:30:43,845   INFO  Train:    1/6 ( 17%) [ 349/376 ( 93%)]  Loss: 4.279 (55.6)  LR: 3.935e-04  Time cost: 05:38/00:26 [05:38/30:44]  Acc_iter 350         Data time: 0.28(0.26)  Forward time: 0.55(0.71)  Batch time: 0.83(0.97)
2026-08-26 23:31:06,226   INFO  Train:    1/6 ( 17%) [ 375/376 (100%)]  Loss: 3.661 (52.0)  LR: 4.323e-04  Time cost: 06:00/00:00 [06:01/30:05]  Acc_iter 376         Data time: 0.23(0.26)  Forward time: 0.38(0.70)  Batch time: 0.61(0.96)
2026-08-26 23:31:06,390   INFO  Disable augmentations: ['gt_sampling']
2026-08-26 23:31:10,101   INFO  Train:    2/6 ( 33%) [   0/376 (  0%)]  Loss: 4.673 (4.67)  LR: 4.338e-04  Time cost: 00:03/21:29 [06:05/1:47:25]  Acc_iter 377         Data time: 2.45(2.45)  Forward time: 0.77(0.77)  Batch time: 3.22(3.22)
2026-08-26 23:31:27,332   INFO  Train:    2/6 ( 33%) [  23/376 (  6%)]  Loss: 7.144 (5.71)  LR: 4.689e-04  Time cost: 00:20/05:03 [06:22/26:38]  Acc_iter 400         Data time: 0.21(0.32)  Forward time: 0.56(0.53)  Batch time: 0.77(0.85)
2026-08-26 23:32:05,918   INFO  Train:    2/6 ( 33%) [  73/376 ( 19%)]  Loss: 4.426 (5.20)  LR: 5.469e-04  Time cost: 00:59/04:02 [07:00/24:06]  Acc_iter 450         Data time: 0.25(0.27)  Forward time: 0.51(0.53)  Batch time: 0.76(0.80)
2026-08-26 23:32:05,922   INFO  
2026-08-26 23:32:44,173   INFO  Train:    2/6 ( 33%) [ 123/376 ( 33%)]  Loss: 4.862 (4.95)  LR: 6.249e-04  Time cost: 01:37/03:18 [07:39/23:01]  Acc_iter 500         Data time: 0.26(0.26)  Forward time: 0.44(0.53)  Batch time: 0.70(0.78)
2026-08-26 23:33:20,963   INFO  Train:    2/6 ( 33%) [ 173/376 ( 46%)]  Loss: 3.943 (4.77)  LR: 7.006e-04  Time cost: 02:14/02:36 [08:15/21:57]  Acc_iter 550         Data time: 0.25(0.26)  Forward time: 0.09(0.51)  Batch time: 0.34(0.77)
2026-08-26 23:33:57,508   INFO  Train:    2/6 ( 33%) [ 223/376 ( 59%)]  Loss: 4.152 (4.65)  LR: 7.718e-04  Time cost: 02:50/01:56 [08:52/21:03]  Acc_iter 600         Data time: 0.27(0.25)  Forward time: 0.64(0.51)  Batch time: 0.91(0.76)
2026-08-26 23:33:57,512   INFO  
2026-08-26 23:34:34,805   INFO  Train:    2/6 ( 33%) [ 273/376 ( 73%)]  Loss: 4.095 (4.53)  LR: 8.363e-04  Time cost: 03:28/01:18 [09:29/20:20]  Acc_iter 650         Data time: 0.33(0.25)  Forward time: 0.32(0.50)  Batch time: 0.65(0.76)
2026-08-26 23:35:11,513   INFO  Train:    2/6 ( 33%) [ 323/376 ( 86%)]  Loss: 3.692 (4.44)  LR: 8.921e-04  Time cost: 04:04/00:40 [10:06/19:36]  Acc_iter 700         Data time: 0.27(0.25)  Forward time: 0.56(0.50)  Batch time: 0.83(0.75)
2026-08-26 23:35:47,558   INFO  Train:    2/6 ( 33%) [ 373/376 ( 99%)]  Loss: 3.175 (4.35)  LR: 9.376e-04  Time cost: 04:40/00:02 [10:42/18:51]  Acc_iter 750         Data time: 0.22(0.25)  Forward time: 0.29(0.50)  Batch time: 0.51(0.75)
2026-08-26 23:35:47,559   INFO  
2026-08-26 23:35:48,752   INFO  Train:    2/6 ( 33%) [ 375/376 (100%)]  Loss: 3.647 (4.34)  LR: 9.392e-04  Time cost: 04:42/00:00 [10:43/18:49]  Acc_iter 752         Data time: 0.23(0.25)  Forward time: 0.37(0.50)  Batch time: 0.60(0.75)
2026-08-26 23:35:52,807   INFO  Train:    3/6 ( 50%) [   0/376 (  0%)]  Loss: 4.023 (4.02)  LR: 9.400e-04  Time cost: 00:03/22:28 [10:47/1:29:54]  Acc_iter 753         Data time: 2.56(2.56)  Forward time: 0.80(0.80)  Batch time: 3.36(3.36)
2026-08-26 23:36:29,027   INFO  Train:    3/6 ( 50%) [  47/376 ( 12%)]  Loss: 3.417 (3.58)  LR: 9.714e-04  Time cost: 00:39/04:32 [11:23/20:08]  Acc_iter 800         Data time: 0.25(0.29)  Forward time: 0.60(0.54)  Batch time: 0.85(0.82)
2026-08-26 23:37:06,142   INFO  Train:    3/6 ( 50%) [  97/376 ( 26%)]  Loss: 3.771 (3.54)  LR: 9.924e-04  Time cost: 01:16/03:38 [12:01/18:24]  Acc_iter 850         Data time: 0.24(0.27)  Forward time: 0.33(0.51)  Batch time: 0.56(0.78)
2026-08-26 23:37:43,290   INFO  Train:    3/6 ( 50%) [ 147/376 ( 39%)]  Loss: 3.560 (3.54)  LR: 1.000e-03  Time cost: 01:54/02:56 [12:38/17:25]  Acc_iter 900         Data time: 0.26(0.26)  Forward time: 0.33(0.51)  Batch time: 0.60(0.77)
2026-08-26 23:37:43,293   INFO  
2026-08-26 23:38:21,218   INFO  Train:    3/6 ( 50%) [ 197/376 ( 52%)]  Loss: 3.432 (3.51)  LR: 9.970e-04  Time cost: 02:31/02:17 [13:16/16:43]  Acc_iter 950         Data time: 0.26(0.26)  Forward time: 0.57(0.51)  Batch time: 0.84(0.77)
2026-08-26 23:38:57,538   INFO  Train:    3/6 ( 50%) [ 247/376 ( 66%)]  Loss: 3.503 (3.47)  LR: 9.874e-04  Time cost: 03:08/01:37 [13:52/15:54]  Acc_iter 1000        Data time: 0.26(0.26)  Forward time: 0.46(0.50)  Batch time: 0.72(0.76)
2026-08-26 23:39:34,459   INFO  Train:    3/6 ( 50%) [ 297/376 ( 79%)]  Loss: 2.989 (3.41)  LR: 9.712e-04  Time cost: 03:45/00:59 [14:29/15:12]  Acc_iter 1050        Data time: 0.26(0.25)  Forward time: 0.57(0.50)  Batch time: 0.83(0.75)
2026-08-26 23:39:34,462   INFO  
2026-08-26 23:40:11,883   INFO  Train:    3/6 ( 50%) [ 347/376 ( 92%)]  Loss: 4.016 (3.37)  LR: 9.487e-04  Time cost: 04:22/00:21 [15:06/14:33]  Acc_iter 1100        Data time: 0.24(0.25)  Forward time: 0.63(0.50)  Batch time: 0.87(0.76)
2026-08-26 23:40:31,041   INFO  Train:    3/6 ( 50%) [ 375/376 (100%)]  Loss: 3.298 (3.36)  LR: 9.334e-04  Time cost: 04:41/00:00 [15:26/14:06]  Acc_iter 1128        Data time: 0.24(0.25)  Forward time: 0.28(0.50)  Batch time: 0.53(0.75)
2026-08-26 23:40:34,989   INFO  Train:    4/6 ( 67%) [   0/376 (  0%)]  Loss: 4.052 (4.05)  LR: 9.328e-04  Time cost: 00:03/22:01 [15:29/1:06:03]  Acc_iter 1129        Data time: 2.22(2.22)  Forward time: 1.01(1.01)  Batch time: 3.23(3.23)
2026-08-26 23:40:50,062   INFO  Train:    4/6 ( 67%) [  21/376 (  6%)]  Loss: 3.138 (3.04)  LR: 9.201e-04  Time cost: 00:18/04:59 [15:45/15:35]  Acc_iter 1150        Data time: 0.23(0.30)  Forward time: 0.69(0.53)  Batch time: 0.92(0.83)
2026-08-26 23:41:27,112   INFO  Train:    4/6 ( 67%) [  71/376 ( 19%)]  Loss: 2.591 (3.06)  LR: 8.859e-04  Time cost: 00:55/03:55 [16:22/13:36]  Acc_iter 1200        Data time: 0.23(0.26)  Forward time: 0.52(0.51)  Batch time: 0.76(0.77)
2026-08-26 23:41:27,116   INFO  
2026-08-26 23:42:04,450   INFO  Train:    4/6 ( 67%) [ 121/376 ( 32%)]  Loss: 3.110 (3.02)  LR: 8.465e-04  Time cost: 01:32/03:14 [16:59/12:47]  Acc_iter 1250        Data time: 0.23(0.26)  Forward time: 0.28(0.50)  Batch time: 0.51(0.76)
2026-08-26 23:42:41,882   INFO  Train:    4/6 ( 67%) [ 171/376 ( 45%)]  Loss: 2.794 (2.97)  LR: 8.025e-04  Time cost: 02:10/02:35 [17:36/12:05]  Acc_iter 1300        Data time: 0.22(0.25)  Forward time: 0.55(0.50)  Batch time: 0.77(0.76)
2026-08-26 23:43:19,334   INFO  Train:    4/6 ( 67%) [ 221/376 ( 59%)]  Loss: 2.547 (2.94)  LR: 7.543e-04  Time cost: 02:47/01:57 [18:14/11:25]  Acc_iter 1350        Data time: 0.27(0.25)  Forward time: 0.58(0.50)  Batch time: 0.85(0.75)
2026-08-26 23:43:19,336   INFO  
2026-08-26 23:43:55,684   INFO  Train:    4/6 ( 67%) [ 271/376 ( 72%)]  Loss: 3.145 (2.90)  LR: 7.028e-04  Time cost: 03:24/01:18 [18:50/10:43]  Acc_iter 1400        Data time: 0.29(0.26)  Forward time: 0.51(0.49)  Batch time: 0.80(0.75)
2026-08-26 23:44:33,110   INFO  Train:    4/6 ( 67%) [ 321/376 ( 85%)]  Loss: 2.534 (2.87)  LR: 6.485e-04  Time cost: 04:01/00:41 [19:28/10:05]  Acc_iter 1450        Data time: 0.24(0.25)  Forward time: 0.46(0.49)  Batch time: 0.70(0.75)
2026-08-26 23:45:09,301   INFO  Train:    4/6 ( 67%) [ 371/376 ( 99%)]  Loss: 2.473 (2.84)  LR: 5.923e-04  Time cost: 04:37/00:03 [20:04/09:25]  Acc_iter 1500        Data time: 0.24(0.25)  Forward time: 0.36(0.49)  Batch time: 0.60(0.75)
2026-08-26 23:45:09,304   INFO  
2026-08-26 23:45:11,575   INFO  Train:    4/6 ( 67%) [ 375/376 (100%)]  Loss: 2.745 (2.84)  LR: 5.877e-04  Time cost: 04:40/00:00 [20:06/09:20]  Acc_iter 1504        Data time: 0.24(0.25)  Forward time: 0.32(0.49)  Batch time: 0.56(0.74)
2026-08-26 23:45:16,197   INFO  Train:    5/6 ( 83%) [   0/376 (  0%)]  Loss: 2.385 (2.39)  LR: 5.866e-04  Time cost: 00:04/26:05 [20:11/52:10]  Acc_iter 1505        Data time: 3.12(3.12)  Forward time: 0.80(0.80)  Batch time: 3.93(3.93)
2026-08-26 23:45:49,071   INFO  Train:    5/6 ( 83%) [  45/376 ( 12%)]  Loss: 2.191 (2.54)  LR: 5.348e-04  Time cost: 00:37/04:26 [20:44/09:29]  Acc_iter 1550        Data time: 0.24(0.31)  Forward time: 0.42(0.49)  Batch time: 0.66(0.80)
2026-08-26 23:46:26,308   INFO  Train:    5/6 ( 83%) [  95/376 ( 25%)]  Loss: 2.879 (2.52)  LR: 4.768e-04  Time cost: 01:14/03:37 [21:21/08:28]  Acc_iter 1600        Data time: 0.26(0.27)  Forward time: 0.54(0.50)  Batch time: 0.81(0.77)
2026-08-26 23:47:02,961   INFO  Train:    5/6 ( 83%) [ 145/376 ( 39%)]  Loss: 2.849 (2.51)  LR: 4.192e-04  Time cost: 01:50/02:55 [21:57/07:41]  Acc_iter 1650        Data time: 0.25(0.26)  Forward time: 0.44(0.50)  Batch time: 0.69(0.76)
2026-08-26 23:47:02,965   INFO  
2026-08-26 23:47:40,262   INFO  Train:    5/6 ( 83%) [ 195/376 ( 52%)]  Loss: 2.704 (2.46)  LR: 3.626e-04  Time cost: 02:28/02:16 [22:35/07:01]  Acc_iter 1700        Data time: 0.23(0.26)  Forward time: 0.58(0.50)  Batch time: 0.81(0.76)
2026-08-26 23:48:18,924   INFO  Train:    5/6 ( 83%) [ 245/376 ( 65%)]  Loss: 2.131 (2.43)  LR: 3.079e-04  Time cost: 03:06/01:39 [23:13/06:25]  Acc_iter 1750        Data time: 0.24(0.25)  Forward time: 0.67(0.50)  Batch time: 0.91(0.76)
2026-08-26 23:48:56,640   INFO  Train:    5/6 ( 83%) [ 295/376 ( 78%)]  Loss: 2.605 (2.42)  LR: 2.557e-04  Time cost: 03:44/01:01 [23:51/05:46]  Acc_iter 1800        Data time: 0.26(0.25)  Forward time: 0.31(0.51)  Batch time: 0.57(0.76)
2026-08-26 23:48:56,643   INFO  
2026-08-26 23:49:35,127   INFO  Train:    5/6 ( 83%) [ 345/376 ( 92%)]  Loss: 2.184 (2.38)  LR: 2.069e-04  Time cost: 04:23/00:23 [24:30/05:09]  Acc_iter 1850        Data time: 0.27(0.25)  Forward time: 0.69(0.51)  Batch time: 0.95(0.76)
2026-08-26 23:49:56,140   INFO  Train:    5/6 ( 83%) [ 375/376 (100%)]  Loss: 2.416 (2.37)  LR: 1.794e-04  Time cost: 04:44/00:00 [24:51/04:44]  Acc_iter 1880        Data time: 0.25(0.25)  Forward time: 0.31(0.50)  Batch time: 0.57(0.76)
2026-08-26 23:49:59,760   INFO  Train:    6/6 (100%) [   0/376 (  0%)]  Loss: 1.895 (1.90)  LR: 1.785e-04  Time cost: 00:03/19:35 [24:54/19:35]  Acc_iter 1881        Data time: 2.24(2.24)  Forward time: 0.80(0.80)  Batch time: 3.04(3.04)
2026-08-26 23:50:15,086   INFO  Train:    6/6 (100%) [  19/376 (  5%)]  Loss: 2.095 (2.16)  LR: 1.620e-04  Time cost: 00:18/05:29 [25:10/05:29]  Acc_iter 1900        Data time: 0.24(0.32)  Forward time: 0.67(0.59)  Batch time: 0.90(0.91)
2026-08-26 23:50:51,485   INFO  Train:    6/6 (100%) [  69/376 ( 18%)]  Loss: 2.271 (2.14)  LR: 1.216e-04  Time cost: 00:54/04:00 [25:46/04:00]  Acc_iter 1950        Data time: 0.23(0.26)  Forward time: 0.39(0.52)  Batch time: 0.62(0.78)
2026-08-26 23:50:51,487   INFO  
2026-08-26 23:51:28,115   INFO  Train:    6/6 (100%) [ 119/376 ( 32%)]  Loss: 1.738 (2.12)  LR: 8.630e-05  Time cost: 01:31/03:15 [26:23/03:15]  Acc_iter 2000        Data time: 0.27(0.26)  Forward time: 0.76(0.51)  Batch time: 1.04(0.76)
2026-08-26 23:52:05,653   INFO  Train:    6/6 (100%) [ 169/376 ( 45%)]  Loss: 1.881 (2.11)  LR: 5.658e-05  Time cost: 02:09/02:37 [27:00/02:37]  Acc_iter 2050        Data time: 0.25(0.25)  Forward time: 0.67(0.51)  Batch time: 0.93(0.76)
2026-08-26 23:52:41,989   INFO  Train:    6/6 (100%) [ 219/376 ( 58%)]  Loss: 1.856 (2.10)  LR: 3.282e-05  Time cost: 02:45/01:58 [27:36/01:58]  Acc_iter 2100        Data time: 0.25(0.25)  Forward time: 0.51(0.50)  Batch time: 0.76(0.75)
2026-08-26 23:52:41,992   INFO  
2026-08-26 23:53:18,595   INFO  Train:    6/6 (100%) [ 269/376 ( 72%)]  Loss: 2.403 (2.08)  LR: 1.534e-05  Time cost: 03:21/01:20 [28:13/01:20]  Acc_iter 2150        Data time: 0.26(0.25)  Forward time: 0.59(0.50)  Batch time: 0.85(0.75)
2026-08-26 23:53:54,793   INFO  Train:    6/6 (100%) [ 319/376 ( 85%)]  Loss: 1.991 (2.08)  LR: 4.376e-06  Time cost: 03:58/00:42 [28:49/00:42]  Acc_iter 2200        Data time: -0.39(0.25)  Forward time: 0.60(0.49)  Batch time: 0.21(0.74)
2026-08-26 23:54:32,055   INFO  Train:    6/6 (100%) [ 369/376 ( 98%)]  Loss: 2.108 (2.08)  LR: 7.595e-08  Time cost: 04:35/00:05 [29:27/00:05]  Acc_iter 2250        Data time: 0.25(0.25)  Forward time: 0.32(0.49)  Batch time: 0.57(0.74)
2026-08-26 23:54:32,057   INFO  
2026-08-26 23:54:35,271   INFO  Train:    6/6 (100%) [ 375/376 (100%)]  Loss: 2.290 (2.07)  LR: 1.135e-08  Time cost: 04:38/00:00 [29:30/00:00]  Acc_iter 2256        Data time: 0.24(0.25)  Forward time: 0.28(0.49)  Batch time: 0.52(0.74)
2026-08-26 23:54:35,619   INFO  **********************End training nuscenes_models/transfusion_lidar_carla(default)**********************



2026-08-26 23:54:35,619   INFO  **********************Start evaluation nuscenes_models/transfusion_lidar_carla(default)**********************
2026-08-26 23:54:35,620   INFO  Loading NuScenes dataset
2026-08-26 23:54:35,859   INFO  Total samples for NuScenes dataset: 100
2026-08-26 23:54:35,863   INFO  ==> Loading parameters from checkpoint /workspace/OpenPCDet/output/nuscenes_models/transfusion_lidar_carla/default/ckpt/checkpoint_epoch_6.pth to GPU
